15:32:21 **** Incremental Build of configuration Debug for project fault_gen ****
make -j8 all 
arm-none-eabi-size  fault_gen.elf 
   text	   data	    bss	    dec	    hex	filename
   4928	     92	   1900	   6920	   1b08	fault_gen.elf
Finished building: default.size.stdout
 
15:32:29 **** Incremental Build of configuration Debug for project fault_gen ****
make -j8 all 
arm-none-eabi-size  fault_gen.elf 
   text	   data	    bss	    dec	    hex	filename
   4928	     92	   1900	   6920	   1b08	fault_gen.elf
Finished building: default.size.stdout
 
15:36:58 **** Incremental Build of configuration Debug for project Hello_world ****
make -j8 all 
arm-none-eabi-size  Hello_world.elf 
   text	   data	    bss	    dec	    hex	filename
   3384	     92	   1900	   5376	   1500	Hello_world.elf
Finished building: default.size.stdout
 
15:37:53 **** Incremental Build of configuration Debug for project fault_gen ****
make -j8 all 
arm-none-eabi-gcc "../Src/syscalls.c" -mcpu=cortex-m4 -std=gnu11 -g3 -DDEBUG -DSTM32 -DSTM32F407G_DISC1 -DSTM32F4 -DSTM32F407VGTx -c -I../Inc -O0 -ffunction-sections -fdata-sections -Wall -fstack-usage -fcyclomatic-complexity -MMD -MP -MF"Src/syscalls.d" -MT"Src/syscalls.o" --specs=nano.specs -mfpu=fpv4-sp-d16 -mfloat-abi=hard -mthumb -o "Src/syscalls.o"
arm-none-eabi-gcc -o "fault_gen.elf" @"objects.list"   -mcpu=cortex-m4 -T"D:\Training\STM32\STM32_workspace\fault_gen\STM32F407VGTX_FLASH.ld" --specs=nosys.specs -Wl,-Map="fault_gen.map" -Wl,--gc-sections -static --specs=nano.specs -mfpu=fpv4-sp-d16 -mfloat-abi=hard -mthumb -Wl,--start-group -lc -lm -Wl,--end-group
Finished building target: fault_gen.elf
 
arm-none-eabi-size  fault_gen.elf 
arm-none-eabi-objdump -h -S fault_gen.elf  > "fault_gen.list"
   text	   data	    bss	    dec	    hex	filename
   5008	     92	   1900	   7000	   1b58	fault_gen.elf
Finished building: default.size.stdout
 
Finished building: fault_gen.list
 
15:39:23 **** Incremental Build of configuration Debug for project Hello_world ****
make -j8 all 
arm-none-eabi-size  Hello_world.elf 
   text	   data	    bss	    dec	    hex	filename
   3384	     92	   1900	   5376	   1500	Hello_world.elf
Finished building: default.size.stdout
 
15:39:41 **** Incremental Build of configuration Debug for project Hello_world ****
make -j8 all 
arm-none-eabi-size  Hello_world.elf 
   text	   data	    bss	    dec	    hex	filename
   3384	     92	   1900	   5376	   1500	Hello_world.elf
Finished building: default.size.stdout
 
15:41:28 **** Incremental Build of configuration Debug for project fault_gen ****
make -j8 all 
arm-none-eabi-gcc "../Src/main.c" -mcpu=cortex-m4 -std=gnu11 -g3 -DDEBUG -DSTM32 -DSTM32F407G_DISC1 -DSTM32F4 -DSTM32F407VGTx -c -I../Inc -O0 -ffunction-sections -fdata-sections -Wall -fstack-usage -fcyclomatic-complexity -MMD -MP -MF"Src/main.d" -MT"Src/main.o" --specs=nano.specs -mfpu=fpv4-sp-d16 -mfloat-abi=hard -mthumb -o "Src/main.o"
../Src/main.c:23:4: warning: #warning "FPU is not initialized, but the project is compiling for an FPU. Please initialize the FPU before use." [-Wcpp]
   23 |   #warning "FPU is not initialized, but the project is compiling for an FPU. Please initialize the FPU before use."
      |    ^~~~~~~
arm-none-eabi-gcc -o "fault_gen.elf" @"objects.list"   -mcpu=cortex-m4 -T"D:\Training\STM32\STM32_workspace\fault_gen\STM32F407VGTX_FLASH.ld" --specs=nosys.specs -Wl,-Map="fault_gen.map" -Wl,--gc-sections -static --specs=nano.specs -mfpu=fpv4-sp-d16 -mfloat-abi=hard -mthumb -Wl,--start-group -lc -lm -Wl,--end-group
Finished building target: fault_gen.elf
 
arm-none-eabi-size  fault_gen.elf 
arm-none-eabi-objdump -h -S fault_gen.elf  > "fault_gen.list"
   text	   data	    bss	    dec	    hex	filename
   5044	     92	   1900	   7036	   1b7c	fault_gen.elf
Finished building: default.size.stdout
 
Finished building: fault_gen.list
 
15:42:10 **** Incremental Build of configuration Debug for project Hello_world ****
make -j8 all 
arm-none-eabi-size  Hello_world.elf 
   text	   data	    bss	    dec	    hex	filename
   3384	     92	   1900	   5376	   1500	Hello_world.elf
Finished building: default.size.stdout
 
15:43:23 **** Incremental Build of configuration Debug for project fault_gen ****
make -j8 all 
arm-none-eabi-size  fault_gen.elf 
   text	   data	    bss	    dec	    hex	filename
   5044	     92	   1900	   7036	   1b7c	fault_gen.elf
Finished building: default.size.stdout
 
15:44:55 **** Incremental Build of configuration Debug for project fault_gen ****
make -j8 all 
arm-none-eabi-size  fault_gen.elf 
   text	   data	    bss	    dec	    hex	filename
   5044	     92	   1900	   7036	   1b7c	fault_gen.elf
Finished building: default.size.stdout
 
15:45:55 **** Incremental Build of configuration Debug for project fault_gen ****
make -j8 all 
arm-none-eabi-size  fault_gen.elf 
   text	   data	    bss	    dec	    hex	filename
   5044	     92	   1900	   7036	   1b7c	fault_gen.elf
Finished building: default.size.stdout
 
15:47:27 **** Incremental Build of configuration Debug for project fault_gen ****
make -j8 all 
arm-none-eabi-size  fault_gen.elf 
   text	   data	    bss	    dec	    hex	filename
   5044	     92	   1900	   7036	   1b7c	fault_gen.elf
Finished building: default.size.stdout
 
15:48:11 **** Incremental Build of configuration Debug for project fault_gen ****
make -j8 all 
arm-none-eabi-size  fault_gen.elf 
   text	   data	    bss	    dec	    hex	filename
   5044	     92	   1900	   7036	   1b7c	fault_gen.elf
Finished building: default.size.stdout
 
15:48:41 **** Incremental Build of configuration Debug for project fault_gen ****
make -j8 all 
arm-none-eabi-gcc "../Src/main.c" -mcpu=cortex-m4 -std=gnu11 -g3 -DDEBUG -DSTM32 -DSTM32F407G_DISC1 -DSTM32F4 -DSTM32F407VGTx -c -I../Inc -O0 -ffunction-sections -fdata-sections -Wall -fstack-usage -fcyclomatic-complexity -MMD -MP -MF"Src/main.d" -MT"Src/main.o" --specs=nano.specs -mfpu=fpv4-sp-d16 -mfloat-abi=hard -mthumb -o "Src/main.o"
../Src/main.c:23:4: warning: #warning "FPU is not initialized, but the project is compiling for an FPU. Please initialize the FPU before use." [-Wcpp]
   23 |   #warning "FPU is not initialized, but the project is compiling for an FPU. Please initialize the FPU before use."
      |    ^~~~~~~
arm-none-eabi-gcc -o "fault_gen.elf" @"objects.list"   -mcpu=cortex-m4 -T"D:\Training\STM32\STM32_workspace\fault_gen\STM32F407VGTX_FLASH.ld" --specs=nosys.specs -Wl,-Map="fault_gen.map" -Wl,--gc-sections -static --specs=nano.specs -mfpu=fpv4-sp-d16 -mfloat-abi=hard -mthumb -Wl,--start-group -lc -lm -Wl,--end-group
Finished building target: fault_gen.elf
 
arm-none-eabi-size  fault_gen.elf 
arm-none-eabi-objdump -h -S fault_gen.elf  > "fault_gen.list"
   text	   data	    bss	    dec	    hex	filename
   5228	     92	   1900	   7220	   1c34	fault_gen.elf
Finished building: default.size.stdout
 
Finished building: fault_gen.list
 
15:49:34 **** Incremental Build of configuration Debug for project fault_gen ****
make -j8 all 
arm-none-eabi-size  fault_gen.elf 
   text	   data	    bss	    dec	    hex	filename
   5228	     92	   1900	   7220	   1c34	fault_gen.elf
Finished building: default.size.stdout
 
15:50:42 **** Incremental Build of configuration Debug for project fault_gen ****
make -j8 all 
arm-none-eabi-size  fault_gen.elf 
   text	   data	    bss	    dec	    hex	filename
   5228	     92	   1900	   7220	   1c34	fault_gen.elf
Finished building: default.size.stdout
 
15:51:53 **** Incremental Build of configuration Debug for project fault_gen ****
make -j8 all 
arm-none-eabi-gcc "../Src/main.c" -mcpu=cortex-m4 -std=gnu11 -g3 -DDEBUG -DSTM32 -DSTM32F407G_DISC1 -DSTM32F4 -DSTM32F407VGTx -c -I../Inc -O0 -ffunction-sections -fdata-sections -Wall -fstack-usage -fcyclomatic-complexity -MMD -MP -MF"Src/main.d" -MT"Src/main.o" --specs=nano.specs -mfpu=fpv4-sp-d16 -mfloat-abi=hard -mthumb -o "Src/main.o"
../Src/main.c:23:4: warning: #warning "FPU is not initialized, but the project is compiling for an FPU. Please initialize the FPU before use." [-Wcpp]
   23 |   #warning "FPU is not initialized, but the project is compiling for an FPU. Please initialize the FPU before use."
      |    ^~~~~~~
arm-none-eabi-gcc -o "fault_gen.elf" @"objects.list"   -mcpu=cortex-m4 -T"D:\Training\STM32\STM32_workspace\fault_gen\STM32F407VGTX_FLASH.ld" --specs=nosys.specs -Wl,-Map="fault_gen.map" -Wl,--gc-sections -static --specs=nano.specs -mfpu=fpv4-sp-d16 -mfloat-abi=hard -mthumb -Wl,--start-group -lc -lm -Wl,--end-group
Finished building target: fault_gen.elf
 
arm-none-eabi-size  fault_gen.elf 
arm-none-eabi-objdump -h -S fault_gen.elf  > "fault_gen.list"
   text	   data	    bss	    dec	    hex	filename
   5040	     92	   1900	   7032	   1b78	fault_gen.elf
Finished building: default.size.stdout
 
Finished building: fault_gen.list
 
15:52:04 **** Incremental Build of configuration Debug for project fault_gen ****
make -j8 all 
arm-none-eabi-size  fault_gen.elf 
   text	   data	    bss	    dec	    hex	filename
   5040	     92	   1900	   7032	   1b78	fault_gen.elf
Finished building: default.size.stdout
 
15:53:05 **** Incremental Build of configuration Debug for project fault_gen ****
make -j8 all 
arm-none-eabi-size  fault_gen.elf 
   text	   data	    bss	    dec	    hex	filename
   5040	     92	   1900	   7032	   1b78	fault_gen.elf
Finished building: default.size.stdout
 
15:53:45 **** Incremental Build of configuration Debug for project fault_gen ****
make -j8 all 
arm-none-eabi-size  fault_gen.elf 
   text	   data	    bss	    dec	    hex	filename
   5040	     92	   1900	   7032	   1b78	fault_gen.elf
Finished building: default.size.stdout
 
15:54:17 **** Incremental Build of configuration Debug for project fault_gen ****
make -j8 all 
arm-none-eabi-size  fault_gen.elf 
   text	   data	    bss	    dec	    hex	filename
   5040	     92	   1900	   7032	   1b78	fault_gen.elf
Finished building: default.size.stdout
 
15:54:59 **** Incremental Build of configuration Debug for project fault_gen ****
make -j8 all 
arm-none-eabi-size  fault_gen.elf 
   text	   data	    bss	    dec	    hex	filename
   5040	     92	   1900	   7032	   1b78	fault_gen.elf
Finished building: default.size.stdout
 
15:56:12 **** Incremental Build of configuration Debug for project fault_gen ****
make -j8 all 
arm-none-eabi-size  fault_gen.elf 
   text	   data	    bss	    dec	    hex	filename
   5040	     92	   1900	   7032	   1b78	fault_gen.elf
Finished building: default.size.stdout
 
15:57:08 **** Incremental Build of configuration Debug for project fault_gen ****
make -j8 all 
arm-none-eabi-gcc "../Src/main.c" -mcpu=cortex-m4 -std=gnu11 -g3 -DDEBUG -DSTM32 -DSTM32F407G_DISC1 -DSTM32F4 -DSTM32F407VGTx -c -I../Inc -O0 -ffunction-sections -fdata-sections -Wall -fstack-usage -fcyclomatic-complexity -MMD -MP -MF"Src/main.d" -MT"Src/main.o" --specs=nano.specs -mfpu=fpv4-sp-d16 -mfloat-abi=hard -mthumb -o "Src/main.o"
../Src/main.c:23:4: warning: #warning "FPU is not initialized, but the project is compiling for an FPU. Please initialize the FPU before use." [-Wcpp]
   23 |   #warning "FPU is not initialized, but the project is compiling for an FPU. Please initialize the FPU before use."
      |    ^~~~~~~
arm-none-eabi-gcc -o "fault_gen.elf" @"objects.list"   -mcpu=cortex-m4 -T"D:\Training\STM32\STM32_workspace\fault_gen\STM32F407VGTX_FLASH.ld" --specs=nosys.specs -Wl,-Map="fault_gen.map" -Wl,--gc-sections -static --specs=nano.specs -mfpu=fpv4-sp-d16 -mfloat-abi=hard -mthumb -Wl,--start-group -lc -lm -Wl,--end-group
Finished building target: fault_gen.elf
 
arm-none-eabi-size  fault_gen.elf 
arm-none-eabi-objdump -h -S fault_gen.elf  > "fault_gen.list"
   text	   data	    bss	    dec	    hex	filename
   5040	     92	   1900	   7032	   1b78	fault_gen.elf
Finished building: default.size.stdout
 
Finished building: fault_gen.list
 
15:57:22 **** Incremental Build of configuration Debug for project fault_gen ****
make -j8 all 
arm-none-eabi-size  fault_gen.elf 
   text	   data	    bss	    dec	    hex	filename
   5040	     92	   1900	   7032	   1b78	fault_gen.elf
Finished building: default.size.stdout
 
15:58:20 **** Incremental Build of configuration Debug for project fault_gen ****
make -j8 all 
arm-none-eabi-size  fault_gen.elf 
   text	   data	    bss	    dec	    hex	filename
   5040	     92	   1900	   7032	   1b78	fault_gen.elf
Finished building: default.size.stdout
 
15:58:40 **** Incremental Build of configuration Debug for project fault_gen ****
make -j8 all 
arm-none-eabi-gcc "../Src/main.c" -mcpu=cortex-m4 -std=gnu11 -g3 -DDEBUG -DSTM32 -DSTM32F407G_DISC1 -DSTM32F4 -DSTM32F407VGTx -c -I../Inc -O0 -ffunction-sections -fdata-sections -Wall -fstack-usage -fcyclomatic-complexity -MMD -MP -MF"Src/main.d" -MT"Src/main.o" --specs=nano.specs -mfpu=fpv4-sp-d16 -mfloat-abi=hard -mthumb -o "Src/main.o"
../Src/main.c:23:4: warning: #warning "FPU is not initialized, but the project is compiling for an FPU. Please initialize the FPU before use." [-Wcpp]
   23 |   #warning "FPU is not initialized, but the project is compiling for an FPU. Please initialize the FPU before use."
      |    ^~~~~~~
arm-none-eabi-gcc -o "fault_gen.elf" @"objects.list"   -mcpu=cortex-m4 -T"D:\Training\STM32\STM32_workspace\fault_gen\STM32F407VGTX_FLASH.ld" --specs=nosys.specs -Wl,-Map="fault_gen.map" -Wl,--gc-sections -static --specs=nano.specs -mfpu=fpv4-sp-d16 -mfloat-abi=hard -mthumb -Wl,--start-group -lc -lm -Wl,--end-group
Finished building target: fault_gen.elf
 
arm-none-eabi-size  fault_gen.elf 
arm-none-eabi-objdump -h -S fault_gen.elf  > "fault_gen.list"
   text	   data	    bss	    dec	    hex	filename
   5044	     92	   1900	   7036	   1b7c	fault_gen.elf
Finished building: default.size.stdout
 
Finished building: fault_gen.list
 
15:58:57 **** Incremental Build of configuration Debug for project fault_gen ****
make -j8 all 
arm-none-eabi-size  fault_gen.elf 
   text	   data	    bss	    dec	    hex	filename
   5044	     92	   1900	   7036	   1b7c	fault_gen.elf
Finished building: default.size.stdout
 
16:10:00 **** Incremental Build of configuration Debug for project fault_gen ****
make -j8 all 
arm-none-eabi-gcc "../Src/main.c" -mcpu=cortex-m4 -std=gnu11 -g3 -DDEBUG -DSTM32 -DSTM32F407G_DISC1 -DSTM32F4 -DSTM32F407VGTx -c -I../Inc -O0 -ffunction-sections -fdata-sections -Wall -fstack-usage -fcyclomatic-complexity -MMD -MP -MF"Src/main.d" -MT"Src/main.o" --specs=nano.specs -mfpu=fpv4-sp-d16 -mfloat-abi=hard -mthumb -o "Src/main.o"
../Src/main.c:23:4: warning: #warning "FPU is not initialized, but the project is compiling for an FPU. Please initialize the FPU before use." [-Wcpp]
   23 |   #warning "FPU is not initialized, but the project is compiling for an FPU. Please initialize the FPU before use."
      |    ^~~~~~~
../Src/main.c: In function 'UsageFault_Handler':
../Src/main.c:72:40: warning: format '%p' expects argument of type 'void *', but argument 2 has type 'uint32_t' {aka 'long unsigned int'} [-Wformat=]
   72 |         printf("  pointer MSP value = %p",*pMSP);
      |                                       ~^  ~~~~~
      |                                        |  |
      |                                        |  uint32_t {aka long unsigned int}
      |                                        void *
      |                                       %ld
../Src/main.c:67:27: error: invalid register name for 'msp_var'
   67 |         register uint32_t msp_var __asm("ro");
      |                           ^~~~~~~
make: *** [Src/subdir.mk:25: Src/main.o] Error 1
"make -j8 all" terminated with exit code 2. Build might be incomplete.
16:10:43 **** Incremental Build of configuration Debug for project fault_gen ****
make -j8 all 
arm-none-eabi-gcc "../Src/main.c" -mcpu=cortex-m4 -std=gnu11 -g3 -DDEBUG -DSTM32 -DSTM32F407G_DISC1 -DSTM32F4 -DSTM32F407VGTx -c -I../Inc -O0 -ffunction-sections -fdata-sections -Wall -fstack-usage -fcyclomatic-complexity -MMD -MP -MF"Src/main.d" -MT"Src/main.o" --specs=nano.specs -mfpu=fpv4-sp-d16 -mfloat-abi=hard -mthumb -o "Src/main.o"
../Src/main.c:23:4: warning: #warning "FPU is not initialized, but the project is compiling for an FPU. Please initialize the FPU before use." [-Wcpp]
   23 |   #warning "FPU is not initialized, but the project is compiling for an FPU. Please initialize the FPU before use."
      |    ^~~~~~~
../Src/main.c: In function 'UsageFault_Handler':
../Src/main.c:72:40: warning: format '%p' expects argument of type 'void *', but argument 2 has type 'uint32_t' {aka 'long unsigned int'} [-Wformat=]
   72 |         printf("  pointer MSP value = %p",*pMSP);
      |                                       ~^  ~~~~~
      |                                        |  |
      |                                        |  uint32_t {aka long unsigned int}
      |                                        void *
      |                                       %ld
C:\Users\sufya\AppData\Local\Temp\ccfL4a1U.s: Assembler messages:
C:\Users\sufya\AppData\Local\Temp\ccfL4a1U.s:163: Error: syntax error -- `msr r0,MSP'
make: *** [Src/subdir.mk:25: Src/main.o] Error 1
"make -j8 all" terminated with exit code 2. Build might be incomplete.
16:11:05 **** Incremental Build of configuration Debug for project fault_gen ****
make -j8 all 
arm-none-eabi-gcc "../Src/main.c" -mcpu=cortex-m4 -std=gnu11 -g3 -DDEBUG -DSTM32 -DSTM32F407G_DISC1 -DSTM32F4 -DSTM32F407VGTx -c -I../Inc -O0 -ffunction-sections -fdata-sections -Wall -fstack-usage -fcyclomatic-complexity -MMD -MP -MF"Src/main.d" -MT"Src/main.o" --specs=nano.specs -mfpu=fpv4-sp-d16 -mfloat-abi=hard -mthumb -o "Src/main.o"
../Src/main.c:23:4: warning: #warning "FPU is not initialized, but the project is compiling for an FPU. Please initialize the FPU before use." [-Wcpp]
   23 |   #warning "FPU is not initialized, but the project is compiling for an FPU. Please initialize the FPU before use."
      |    ^~~~~~~
../Src/main.c: In function 'UsageFault_Handler':
../Src/main.c:72:40: warning: format '%p' expects argument of type 'void *', but argument 2 has type 'uint32_t' {aka 'long unsigned int'} [-Wformat=]
   72 |         printf("  pointer MSP value = %p",*pMSP);
      |                                       ~^  ~~~~~
      |                                        |  |
      |                                        |  uint32_t {aka long unsigned int}
      |                                        void *
      |                                       %ld
arm-none-eabi-gcc -o "fault_gen.elf" @"objects.list"   -mcpu=cortex-m4 -T"D:\Training\STM32\STM32_workspace\fault_gen\STM32F407VGTX_FLASH.ld" --specs=nosys.specs -Wl,-Map="fault_gen.map" -Wl,--gc-sections -static --specs=nano.specs -mfpu=fpv4-sp-d16 -mfloat-abi=hard -mthumb -Wl,--start-group -lc -lm -Wl,--end-group
Finished building target: fault_gen.elf
 
arm-none-eabi-size  fault_gen.elf 
arm-none-eabi-objdump -h -S fault_gen.elf  > "fault_gen.list"
   text	   data	    bss	    dec	    hex	filename
   5092	     92	   1900	   7084	   1bac	fault_gen.elf
Finished building: default.size.stdout
 
Finished building: fault_gen.list
 
16:11:30 **** Incremental Build of configuration Debug for project fault_gen ****
make -j8 all 
arm-none-eabi-gcc "../Src/main.c" -mcpu=cortex-m4 -std=gnu11 -g3 -DDEBUG -DSTM32 -DSTM32F407G_DISC1 -DSTM32F4 -DSTM32F407VGTx -c -I../Inc -O0 -ffunction-sections -fdata-sections -Wall -fstack-usage -fcyclomatic-complexity -MMD -MP -MF"Src/main.d" -MT"Src/main.o" --specs=nano.specs -mfpu=fpv4-sp-d16 -mfloat-abi=hard -mthumb -o "Src/main.o"
../Src/main.c:23:4: warning: #warning "FPU is not initialized, but the project is compiling for an FPU. Please initialize the FPU before use." [-Wcpp]
   23 |   #warning "FPU is not initialized, but the project is compiling for an FPU. Please initialize the FPU before use."
      |    ^~~~~~~
arm-none-eabi-gcc -o "fault_gen.elf" @"objects.list"   -mcpu=cortex-m4 -T"D:\Training\STM32\STM32_workspace\fault_gen\STM32F407VGTX_FLASH.ld" --specs=nosys.specs -Wl,-Map="fault_gen.map" -Wl,--gc-sections -static --specs=nano.specs -mfpu=fpv4-sp-d16 -mfloat-abi=hard -mthumb -Wl,--start-group -lc -lm -Wl,--end-group
Finished building target: fault_gen.elf
 
arm-none-eabi-size  fault_gen.elf 
arm-none-eabi-objdump -h -S fault_gen.elf  > "fault_gen.list"
   text	   data	    bss	    dec	    hex	filename
   5088	     92	   1900	   7080	   1ba8	fault_gen.elf
Finished building: default.size.stdout
 
Finished building: fault_gen.list
 
16:11:43 **** Incremental Build of configuration Debug for project fault_gen ****
make -j8 all 
arm-none-eabi-size  fault_gen.elf 
   text	   data	    bss	    dec	    hex	filename
   5088	     92	   1900	   7080	   1ba8	fault_gen.elf
Finished building: default.size.stdout
 
16:12:50 **** Incremental Build of configuration Debug for project fault_gen ****
make -j8 all 
arm-none-eabi-size  fault_gen.elf 
   text	   data	    bss	    dec	    hex	filename
   5088	     92	   1900	   7080	   1ba8	fault_gen.elf
Finished building: default.size.stdout
 
16:13:31 **** Incremental Build of configuration Debug for project fault_gen ****
make -j8 all 
arm-none-eabi-size  fault_gen.elf 
   text	   data	    bss	    dec	    hex	filename
   5088	     92	   1900	   7080	   1ba8	fault_gen.elf
Finished building: default.size.stdout
 
16:13:59 **** Incremental Build of configuration Debug for project fault_gen ****
make -j8 all 
arm-none-eabi-size  fault_gen.elf 
   text	   data	    bss	    dec	    hex	filename
   5088	     92	   1900	   7080	   1ba8	fault_gen.elf
Finished building: default.size.stdout
 
18:59:26 **** Incremental Build of configuration Debug for project fault_gen ****
make -j8 all 
arm-none-eabi-size  fault_gen.elf 
   text	   data	    bss	    dec	    hex	filename
   5088	     92	   1900	   7080	   1ba8	fault_gen.elf
Finished building: default.size.stdout
 
18:59:38 **** Incremental Build of configuration Debug for project fault_gen ****
make -j8 all 
arm-none-eabi-size  fault_gen.elf 
   text	   data	    bss	    dec	    hex	filename
   5088	     92	   1900	   7080	   1ba8	fault_gen.elf
Finished building: default.size.stdout
 
19:00:36 **** Incremental Build of configuration Debug for project fault_gen ****
make -j8 all 
arm-none-eabi-gcc "../Src/main.c" -mcpu=cortex-m4 -std=gnu11 -g3 -DDEBUG -DSTM32 -DSTM32F407G_DISC1 -DSTM32F4 -DSTM32F407VGTx -c -I../Inc -O0 -ffunction-sections -fdata-sections -Wall -fstack-usage -fcyclomatic-complexity -MMD -MP -MF"Src/main.d" -MT"Src/main.o" --specs=nano.specs -mfpu=fpv4-sp-d16 -mfloat-abi=hard -mthumb -o "Src/main.o"
../Src/main.c:23:4: warning: #warning "FPU is not initialized, but the project is compiling for an FPU. Please initialize the FPU before use." [-Wcpp]
   23 |   #warning "FPU is not initialized, but the project is compiling for an FPU. Please initialize the FPU before use."
      |    ^~~~~~~
arm-none-eabi-gcc -o "fault_gen.elf" @"objects.list"   -mcpu=cortex-m4 -T"D:\Training\STM32\STM32_workspace\fault_gen\STM32F407VGTX_FLASH.ld" --specs=nosys.specs -Wl,-Map="fault_gen.map" -Wl,--gc-sections -static --specs=nano.specs -mfpu=fpv4-sp-d16 -mfloat-abi=hard -mthumb -Wl,--start-group -lc -lm -Wl,--end-group
Finished building target: fault_gen.elf
 
arm-none-eabi-size  fault_gen.elf 
arm-none-eabi-objdump -h -S fault_gen.elf  > "fault_gen.list"
   text	   data	    bss	    dec	    hex	filename
   5084	     92	   1900	   7076	   1ba4	fault_gen.elf
Finished building: default.size.stdout
 
Finished building: fault_gen.list
 
19:01:08 **** Incremental Build of configuration Debug for project fault_gen ****
make -j8 all 
arm-none-eabi-size  fault_gen.elf 
   text	   data	    bss	    dec	    hex	filename
   5084	     92	   1900	   7076	   1ba4	fault_gen.elf
Finished building: default.size.stdout
 
19:01:45 **** Incremental Build of configuration Debug for project fault_gen ****
make -j8 all 
arm-none-eabi-size  fault_gen.elf 
   text	   data	    bss	    dec	    hex	filename
   5084	     92	   1900	   7076	   1ba4	fault_gen.elf
Finished building: default.size.stdout
 
21:11:41 **** Build of configuration Debug for project fault_gen ****
make -j8 all 
arm-none-eabi-size  fault_gen.elf 
   text	   data	    bss	    dec	    hex	filename
   5084	     92	   1900	   7076	   1ba4	fault_gen.elf
Finished building: default.size.stdout
 
21:15:02 **** Incremental Build of configuration Debug for project fault_gen ****
make -j8 all 
arm-none-eabi-size  fault_gen.elf 
   text	   data	    bss	    dec	    hex	filename
   5084	     92	   1900	   7076	   1ba4	fault_gen.elf
Finished building: default.size.stdout
 
21:17:01 **** Incremental Build of configuration Debug for project fault_gen ****
make -j8 all 
arm-none-eabi-size  fault_gen.elf 
   text	   data	    bss	    dec	    hex	filename
   5084	     92	   1900	   7076	   1ba4	fault_gen.elf
Finished building: default.size.stdout
 
21:17:43 **** Incremental Build of configuration Debug for project Hello_world ****
make -j8 all 
arm-none-eabi-size  Hello_world.elf 
   text	   data	    bss	    dec	    hex	filename
   3384	     92	   1900	   5376	   1500	Hello_world.elf
Finished building: default.size.stdout
 
21:18:36 **** Incremental Build of configuration Debug for project Bit_band_exercise ****
make -j8 all 
arm-none-eabi-size  Bit_band_exercise.elf 
   text	   data	    bss	    dec	    hex	filename
    704	      0	   1568	   2272	    8e0	Bit_band_exercise.elf
Finished building: default.size.stdout
 
21:18:36 **** Incremental Build of configuration Debug for project Hello_world ****
make -j8 all 
arm-none-eabi-gcc "../Src/main.c" -mcpu=cortex-m4 -std=gnu11 -g3 -DDEBUG -DSTM32 -DSTM32F407G_DISC1 -DSTM32F4 -DSTM32F407VGTx -c -I../Inc -O0 -ffunction-sections -fdata-sections -Wall -fstack-usage -fcyclomatic-complexity -MMD -MP -MF"Src/main.d" -MT"Src/main.o" --specs=nano.specs -mfloat-abi=soft -mthumb -o "Src/main.o"
arm-none-eabi-gcc -o "Hello_world.elf" @"objects.list"   -mcpu=cortex-m4 -T"D:\Training\STM32\STM32_workspace\Hello_world\STM32F407VGTX_FLASH.ld" --specs=nosys.specs -Wl,-Map="Hello_world.map" -Wl,--gc-sections -static --specs=nano.specs -mfloat-abi=soft -mthumb -Wl,--start-group -lc -lm -Wl,--end-group
Finished building target: Hello_world.elf
 
arm-none-eabi-size  Hello_world.elf 
arm-none-eabi-objdump -h -S Hello_world.elf  > "Hello_world.list"
   text	   data	    bss	    dec	    hex	filename
   5060	     92	   1900	   7052	   1b8c	Hello_world.elf
Finished building: default.size.stdout
 
Finished building: Hello_world.list
 
21:18:39 **** Incremental Build of configuration Debug for project Inline Assembly ****
make -j8 all 
arm-none-eabi-size  Inline\ Assembly.elf 
   text	   data	    bss	    dec	    hex	filename
    672	      0	   1568	   2240	    8c0	Inline Assembly.elf
Finished building: default.size.stdout
 
21:18:39 **** Incremental Build of configuration Debug for project Interrupt_priority_Configuration ****
make -j8 all 
arm-none-eabi-gcc "../Src/main.c" -mcpu=cortex-m4 -std=gnu11 -g3 -DDEBUG -DSTM32 -DSTM32F407G_DISC1 -DSTM32F4 -DSTM32F407VGTx -c -I../Inc -O0 -ffunction-sections -fdata-sections -Wall -fstack-usage -fcyclomatic-complexity -MMD -MP -MF"Src/main.d" -MT"Src/main.o" --specs=nano.specs -mfpu=fpv4-sp-d16 -mfloat-abi=hard -mthumb -o "Src/main.o"
../Src/main.c:22:4: warning: #warning "FPU is not initialized, but the project is compiling for an FPU. Please initialize the FPU before use." [-Wcpp]
   22 |   #warning "FPU is not initialized, but the project is compiling for an FPU. Please initialize the FPU before use."
      |    ^~~~~~~
../Src/main.c: In function 'TIM2_IRQHandler':
../Src/main.c:95:9: warning: implicit declaration of function 'printf' [-Wimplicit-function-declaration]
   95 |         printf("Here");
      |         ^~~~~~
../Src/main.c:20:1: note: include '<stdio.h>' or provide a declaration of 'printf'
   19 | #include <stdint.h>
  +++ |+#include <stdio.h>
   20 | 
../Src/main.c:95:9: warning: incompatible implicit declaration of built-in function 'printf' [-Wbuiltin-declaration-mismatch]
   95 |         printf("Here");
      |         ^~~~~~
../Src/main.c:95:9: note: include '<stdio.h>' or provide a declaration of 'printf'
../Src/main.c: In function 'I2C1_EV_IRQHandler':
../Src/main.c:105:9: warning: incompatible implicit declaration of built-in function 'printf' [-Wbuiltin-declaration-mismatch]
  105 |         printf("also here");
      |         ^~~~~~
../Src/main.c:105:9: note: include '<stdio.h>' or provide a declaration of 'printf'
arm-none-eabi-gcc -o "Interrupt_priority_Configuration.elf" @"objects.list"   -mcpu=cortex-m4 -T"D:\Training\STM32\STM32_workspace\Interrupt_priority_Configuration\STM32F407VGTX_FLASH.ld" --specs=nosys.specs -Wl,-Map="Interrupt_priority_Configuration.map" -Wl,--gc-sections -static --specs=nano.specs -mfpu=fpv4-sp-d16 -mfloat-abi=hard -mthumb -Wl,--start-group -lc -lm -Wl,--end-group
Finished building target: Interrupt_priority_Configuration.elf
 
arm-none-eabi-size  Interrupt_priority_Configuration.elf 
arm-none-eabi-objdump -h -S Interrupt_priority_Configuration.elf  > "Interrupt_priority_Configuration.list"
   text	   data	    bss	    dec	    hex	filename
   5088	     96	   1904	   7088	   1bb0	Interrupt_priority_Configuration.elf
Finished building: default.size.stdout
 
Finished building: Interrupt_priority_Configuration.list
 
21:18:40 **** Incremental Build of configuration Debug for project UART_Interrupt_IRQ ****
make -j8 all 
arm-none-eabi-size  UART_Interrupt_IRQ.elf 
   text	   data	    bss	    dec	    hex	filename
   4872	     92	   1900	   6864	   1ad0	UART_Interrupt_IRQ.elf
Finished building: default.size.stdout
 
21:18:40 **** Incremental Build of configuration Debug for project fault_gen ****
make -j8 all 
arm-none-eabi-size  fault_gen.elf 
   text	   data	    bss	    dec	    hex	filename
   5084	     92	   1900	   7076	   1ba4	fault_gen.elf
Finished building: default.size.stdout
 
21:18:45 **** Incremental Build of configuration Debug for project Hello_world ****
make -j8 all 
arm-none-eabi-size  Hello_world.elf 
   text	   data	    bss	    dec	    hex	filename
   5060	     92	   1900	   7052	   1b8c	Hello_world.elf
Finished building: default.size.stdout
 
21:20:13 **** Incremental Build of configuration Debug for project fault_gen ****
make -j8 all 
arm-none-eabi-size  fault_gen.elf 
   text	   data	    bss	    dec	    hex	filename
   5084	     92	   1900	   7076	   1ba4	fault_gen.elf
Finished building: default.size.stdout
 
21:21:27 **** Incremental Build of configuration Debug for project fault_gen ****
make -j8 all 
arm-none-eabi-gcc "../Src/main.c" -mcpu=cortex-m4 -std=gnu11 -g3 -DDEBUG -DSTM32 -DSTM32F407G_DISC1 -DSTM32F4 -DSTM32F407VGTx -c -I../Inc -O0 -ffunction-sections -fdata-sections -Wall -fstack-usage -fcyclomatic-complexity -MMD -MP -MF"Src/main.d" -MT"Src/main.o" --specs=nano.specs -mfpu=fpv4-sp-d16 -mfloat-abi=hard -mthumb -o "Src/main.o"
../Src/main.c:23:4: warning: #warning "FPU is not initialized, but the project is compiling for an FPU. Please initialize the FPU before use." [-Wcpp]
   23 |   #warning "FPU is not initialized, but the project is compiling for an FPU. Please initialize the FPU before use."
      |    ^~~~~~~
arm-none-eabi-gcc -o "fault_gen.elf" @"objects.list"   -mcpu=cortex-m4 -T"D:\Training\STM32\STM32_workspace\fault_gen\STM32F407VGTX_FLASH.ld" --specs=nosys.specs -Wl,-Map="fault_gen.map" -Wl,--gc-sections -static --specs=nano.specs -mfpu=fpv4-sp-d16 -mfloat-abi=hard -mthumb -Wl,--start-group -lc -lm -Wl,--end-group
Finished building target: fault_gen.elf
 
arm-none-eabi-size  fault_gen.elf 
arm-none-eabi-objdump -h -S fault_gen.elf  > "fault_gen.list"
   text	   data	    bss	    dec	    hex	filename
   5092	     92	   1900	   7084	   1bac	fault_gen.elf
Finished building: default.size.stdout
 
Finished building: fault_gen.list
 
21:21:39 **** Incremental Build of configuration Debug for project fault_gen ****
make -j8 all 
arm-none-eabi-size  fault_gen.elf 
   text	   data	    bss	    dec	    hex	filename
   5092	     92	   1900	   7084	   1bac	fault_gen.elf
Finished building: default.size.stdout
 
21:21:58 **** Incremental Build of configuration Debug for project fault_gen ****
make -j8 all 
arm-none-eabi-size  fault_gen.elf 
   text	   data	    bss	    dec	    hex	filename
   5092	     92	   1900	   7084	   1bac	fault_gen.elf
Finished building: default.size.stdout
 
21:22:54 **** Incremental Build of configuration Debug for project Hello_world ****
make -j8 all 
arm-none-eabi-gcc "../Src/main.c" -mcpu=cortex-m4 -std=gnu11 -g3 -DDEBUG -DSTM32 -DSTM32F407G_DISC1 -DSTM32F4 -DSTM32F407VGTx -c -I../Inc -O0 -ffunction-sections -fdata-sections -Wall -fstack-usage -fcyclomatic-complexity -MMD -MP -MF"Src/main.d" -MT"Src/main.o" --specs=nano.specs -mfloat-abi=soft -mthumb -o "Src/main.o"
arm-none-eabi-gcc -o "Hello_world.elf" @"objects.list"   -mcpu=cortex-m4 -T"D:\Training\STM32\STM32_workspace\Hello_world\STM32F407VGTX_FLASH.ld" --specs=nosys.specs -Wl,-Map="Hello_world.map" -Wl,--gc-sections -static --specs=nano.specs -mfloat-abi=soft -mthumb -Wl,--start-group -lc -lm -Wl,--end-group
Finished building target: Hello_world.elf
 
arm-none-eabi-size  Hello_world.elf 
arm-none-eabi-objdump -h -S Hello_world.elf  > "Hello_world.list"
   text	   data	    bss	    dec	    hex	filename
   3384	     92	   1900	   5376	   1500	Hello_world.elf
Finished building: default.size.stdout
 
Finished building: Hello_world.list
 
21:23:50 **** Incremental Build of configuration Debug for project Hello_world ****
make -j8 all 
arm-none-eabi-gcc "../Src/main.c" -mcpu=cortex-m4 -std=gnu11 -g3 -DDEBUG -DSTM32 -DSTM32F407G_DISC1 -DSTM32F4 -DSTM32F407VGTx -c -I../Inc -O0 -ffunction-sections -fdata-sections -Wall -fstack-usage -fcyclomatic-complexity -MMD -MP -MF"Src/main.d" -MT"Src/main.o" --specs=nano.specs -mfloat-abi=soft -mthumb -o "Src/main.o"
arm-none-eabi-gcc -o "Hello_world.elf" @"objects.list"   -mcpu=cortex-m4 -T"D:\Training\STM32\STM32_workspace\Hello_world\STM32F407VGTX_FLASH.ld" --specs=nosys.specs -Wl,-Map="Hello_world.map" -Wl,--gc-sections -static --specs=nano.specs -mfloat-abi=soft -mthumb -Wl,--start-group -lc -lm -Wl,--end-group
Finished building target: Hello_world.elf
 
arm-none-eabi-size  Hello_world.elf 
arm-none-eabi-objdump -h -S Hello_world.elf  > "Hello_world.list"
   text	   data	    bss	    dec	    hex	filename
   5068	     92	   1900	   7060	   1b94	Hello_world.elf
Finished building: default.size.stdout
 
Finished building: Hello_world.list
 
21:23:56 **** Incremental Build of configuration Debug for project Hello_world ****
make -j8 all 
arm-none-eabi-size  Hello_world.elf 
   text	   data	    bss	    dec	    hex	filename
   5068	     92	   1900	   7060	   1b94	Hello_world.elf
Finished building: default.size.stdout
 
21:25:09 **** Incremental Build of configuration Debug for project fault_gen ****
make -j8 all 
arm-none-eabi-gcc "../Src/main.c" -mcpu=cortex-m4 -std=gnu11 -g3 -DDEBUG -DSTM32 -DSTM32F407G_DISC1 -DSTM32F4 -DSTM32F407VGTx -c -I../Inc -O0 -ffunction-sections -fdata-sections -Wall -fstack-usage -fcyclomatic-complexity -MMD -MP -MF"Src/main.d" -MT"Src/main.o" --specs=nano.specs -mfpu=fpv4-sp-d16 -mfloat-abi=hard -mthumb -o "Src/main.o"
../Src/main.c:23:4: warning: #warning "FPU is not initialized, but the project is compiling for an FPU. Please initialize the FPU before use." [-Wcpp]
   23 |   #warning "FPU is not initialized, but the project is compiling for an FPU. Please initialize the FPU before use."
      |    ^~~~~~~
arm-none-eabi-gcc -o "fault_gen.elf" @"objects.list"   -mcpu=cortex-m4 -T"D:\Training\STM32\STM32_workspace\fault_gen\STM32F407VGTX_FLASH.ld" --specs=nosys.specs -Wl,-Map="fault_gen.map" -Wl,--gc-sections -static --specs=nano.specs -mfpu=fpv4-sp-d16 -mfloat-abi=hard -mthumb -Wl,--start-group -lc -lm -Wl,--end-group
Finished building target: fault_gen.elf
 
arm-none-eabi-size  fault_gen.elf 
arm-none-eabi-objdump -h -S fault_gen.elf  > "fault_gen.list"
   text	   data	    bss	    dec	    hex	filename
   5092	     92	   1900	   7084	   1bac	fault_gen.elf
Finished building: default.size.stdout
 
Finished building: fault_gen.list
 
21:25:36 **** Incremental Build of configuration Debug for project fault_gen ****
make -j8 all 
arm-none-eabi-size  fault_gen.elf 
   text	   data	    bss	    dec	    hex	filename
   5092	     92	   1900	   7084	   1bac	fault_gen.elf
Finished building: default.size.stdout
 
21:26:51 **** Incremental Build of configuration Debug for project Hello_world ****
make -j8 all 
arm-none-eabi-gcc "../Src/main.c" -mcpu=cortex-m4 -std=gnu11 -g3 -DDEBUG -DSTM32 -DSTM32F407G_DISC1 -DSTM32F4 -DSTM32F407VGTx -c -I../Inc -O0 -ffunction-sections -fdata-sections -Wall -fstack-usage -fcyclomatic-complexity -MMD -MP -MF"Src/main.d" -MT"Src/main.o" --specs=nano.specs -mfloat-abi=soft -mthumb -o "Src/main.o"
arm-none-eabi-gcc -o "Hello_world.elf" @"objects.list"   -mcpu=cortex-m4 -T"D:\Training\STM32\STM32_workspace\Hello_world\STM32F407VGTX_FLASH.ld" --specs=nosys.specs -Wl,-Map="Hello_world.map" -Wl,--gc-sections -static --specs=nano.specs -mfloat-abi=soft -mthumb -Wl,--start-group -lc -lm -Wl,--end-group
Finished building target: Hello_world.elf
 
arm-none-eabi-size  Hello_world.elf 
arm-none-eabi-objdump -h -S Hello_world.elf  > "Hello_world.list"
   text	   data	    bss	    dec	    hex	filename
   5104	     92	   1900	   7096	   1bb8	Hello_world.elf
Finished building: default.size.stdout
 
Finished building: Hello_world.list
 
21:27:04 **** Incremental Build of configuration Debug for project Hello_world ****
make -j8 all 
arm-none-eabi-size  Hello_world.elf 
   text	   data	    bss	    dec	    hex	filename
   5104	     92	   1900	   7096	   1bb8	Hello_world.elf
Finished building: default.size.stdout
 
21:27:41 **** Incremental Build of configuration Debug for project Hello_world ****
make -j8 all 
arm-none-eabi-gcc "../Src/main.c" -mcpu=cortex-m4 -std=gnu11 -g3 -DDEBUG -DSTM32 -DSTM32F407G_DISC1 -DSTM32F4 -DSTM32F407VGTx -c -I../Inc -O0 -ffunction-sections -fdata-sections -Wall -fstack-usage -fcyclomatic-complexity -MMD -MP -MF"Src/main.d" -MT"Src/main.o" --specs=nano.specs -mfloat-abi=soft -mthumb -o "Src/main.o"
arm-none-eabi-gcc -o "Hello_world.elf" @"objects.list"   -mcpu=cortex-m4 -T"D:\Training\STM32\STM32_workspace\Hello_world\STM32F407VGTX_FLASH.ld" --specs=nosys.specs -Wl,-Map="Hello_world.map" -Wl,--gc-sections -static --specs=nano.specs -mfloat-abi=soft -mthumb -Wl,--start-group -lc -lm -Wl,--end-group
Finished building target: Hello_world.elf
 
arm-none-eabi-size  Hello_world.elf 
arm-none-eabi-objdump -h -S Hello_world.elf  > "Hello_world.list"
   text	   data	    bss	    dec	    hex	filename
   3416	     92	   1900	   5408	   1520	Hello_world.elf
Finished building: default.size.stdout
 
Finished building: Hello_world.list
 
21:28:26 **** Incremental Build of configuration Debug for project fault_gen ****
make -j8 all 
arm-none-eabi-gcc "../Src/main.c" -mcpu=cortex-m4 -std=gnu11 -g3 -DDEBUG -DSTM32 -DSTM32F407G_DISC1 -DSTM32F4 -DSTM32F407VGTx -c -I../Inc -O0 -ffunction-sections -fdata-sections -Wall -fstack-usage -fcyclomatic-complexity -MMD -MP -MF"Src/main.d" -MT"Src/main.o" --specs=nano.specs -mfpu=fpv4-sp-d16 -mfloat-abi=hard -mthumb -o "Src/main.o"
../Src/main.c:23:4: warning: #warning "FPU is not initialized, but the project is compiling for an FPU. Please initialize the FPU before use." [-Wcpp]
   23 |   #warning "FPU is not initialized, but the project is compiling for an FPU. Please initialize the FPU before use."
      |    ^~~~~~~
arm-none-eabi-gcc -o "fault_gen.elf" @"objects.list"   -mcpu=cortex-m4 -T"D:\Training\STM32\STM32_workspace\fault_gen\STM32F407VGTX_FLASH.ld" --specs=nosys.specs -Wl,-Map="fault_gen.map" -Wl,--gc-sections -static --specs=nano.specs -mfpu=fpv4-sp-d16 -mfloat-abi=hard -mthumb -Wl,--start-group -lc -lm -Wl,--end-group
Finished building target: fault_gen.elf
 
arm-none-eabi-size  fault_gen.elf 
arm-none-eabi-objdump -h -S fault_gen.elf  > "fault_gen.list"
   text	   data	    bss	    dec	    hex	filename
   5288	     92	   1900	   7280	   1c70	fault_gen.elf
Finished building: default.size.stdout
 
Finished building: fault_gen.list
 
22:03:48 **** Incremental Build of configuration Debug for project fault_gen ****
make -j8 all 
arm-none-eabi-gcc "../Src/main.c" -mcpu=cortex-m4 -std=gnu11 -g3 -DDEBUG -DSTM32 -DSTM32F407G_DISC1 -DSTM32F4 -DSTM32F407VGTx -c -I../Inc -O0 -ffunction-sections -fdata-sections -Wall -fstack-usage -fcyclomatic-complexity -MMD -MP -MF"Src/main.d" -MT"Src/main.o" --specs=nano.specs -mfpu=fpv4-sp-d16 -mfloat-abi=hard -mthumb -o "Src/main.o"
../Src/main.c:23:4: warning: #warning "FPU is not initialized, but the project is compiling for an FPU. Please initialize the FPU before use." [-Wcpp]
   23 |   #warning "FPU is not initialized, but the project is compiling for an FPU. Please initialize the FPU before use."
      |    ^~~~~~~
arm-none-eabi-gcc -o "fault_gen.elf" @"objects.list"   -mcpu=cortex-m4 -T"D:\Training\STM32\STM32_workspace\fault_gen\STM32F407VGTX_FLASH.ld" --specs=nosys.specs -Wl,-Map="fault_gen.map" -Wl,--gc-sections -static --specs=nano.specs -mfpu=fpv4-sp-d16 -mfloat-abi=hard -mthumb -Wl,--start-group -lc -lm -Wl,--end-group
Finished building target: fault_gen.elf
 
arm-none-eabi-size  fault_gen.elf 
arm-none-eabi-objdump -h -S fault_gen.elf  > "fault_gen.list"
   text	   data	    bss	    dec	    hex	filename
   5616	     92	   1900	   7608	   1db8	fault_gen.elf
Finished building: default.size.stdout
 
Finished building: fault_gen.list
 
22:03:57 **** Incremental Build of configuration Debug for project fault_gen ****
make -j8 all 
arm-none-eabi-size  fault_gen.elf 
   text	   data	    bss	    dec	    hex	filename
   5616	     92	   1900	   7608	   1db8	fault_gen.elf
Finished building: default.size.stdout
 
23:05:10 **** Incremental Build of configuration Debug for project fault_gen ****
make -j8 all 
arm-none-eabi-size  fault_gen.elf 
   text	   data	    bss	    dec	    hex	filename
   5616	     92	   1900	   7608	   1db8	fault_gen.elf
Finished building: default.size.stdout
 
23:09:52 **** Incremental Build of configuration Debug for project fault_gen ****
make -j8 all 
arm-none-eabi-gcc "../Src/main.c" -mcpu=cortex-m4 -std=gnu11 -g3 -DDEBUG -DSTM32 -DSTM32F407G_DISC1 -DSTM32F4 -DSTM32F407VGTx -c -I../Inc -O0 -ffunction-sections -fdata-sections -Wall -fstack-usage -fcyclomatic-complexity -MMD -MP -MF"Src/main.d" -MT"Src/main.o" --specs=nano.specs -mfpu=fpv4-sp-d16 -mfloat-abi=hard -mthumb -o "Src/main.o"
../Src/main.c:23:4: warning: #warning "FPU is not initialized, but the project is compiling for an FPU. Please initialize the FPU before use." [-Wcpp]
   23 |   #warning "FPU is not initialized, but the project is compiling for an FPU. Please initialize the FPU before use."
      |    ^~~~~~~
arm-none-eabi-gcc -o "fault_gen.elf" @"objects.list"   -mcpu=cortex-m4 -T"D:\Training\STM32\STM32_workspace\fault_gen\STM32F407VGTX_FLASH.ld" --specs=nosys.specs -Wl,-Map="fault_gen.map" -Wl,--gc-sections -static --specs=nano.specs -mfpu=fpv4-sp-d16 -mfloat-abi=hard -mthumb -Wl,--start-group -lc -lm -Wl,--end-group
Finished building target: fault_gen.elf
 
arm-none-eabi-size  fault_gen.elf 
arm-none-eabi-objdump -h -S fault_gen.elf  > "fault_gen.list"
   text	   data	    bss	    dec	    hex	filename
   5600	     92	   1900	   7592	   1da8	fault_gen.elf
Finished building: default.size.stdout
 
Finished building: fault_gen.list
 
23:09:56 **** Incremental Build of configuration Debug for project fault_gen ****
make -j8 all 
arm-none-eabi-size  fault_gen.elf 
   text	   data	    bss	    dec	    hex	filename
   5600	     92	   1900	   7592	   1da8	fault_gen.elf
Finished building: default.size.stdout
 
23:49:10 **** Incremental Build of configuration Debug for project fault_gen ****
make -j8 all 
arm-none-eabi-size  fault_gen.elf 
   text	   data	    bss	    dec	    hex	filename
   5600	     92	   1900	   7592	   1da8	fault_gen.elf
Finished building: default.size.stdout
 
23:49:29 **** Incremental Build of configuration Debug for project fault_gen ****
make -j8 all 
arm-none-eabi-size  fault_gen.elf 
   text	   data	    bss	    dec	    hex	filename
   5600	     92	   1900	   7592	   1da8	fault_gen.elf
Finished building: default.size.stdout
 
19:15:40 **** Build of configuration Debug for project SVC_OpcodeFetch ****
make -j8 all 
arm-none-eabi-gcc -mcpu=cortex-m4 -g3 -DDEBUG -c -x assembler-with-cpp -MMD -MP -MF"Startup/startup_stm32f407vgtx.d" -MT"Startup/startup_stm32f407vgtx.o" --specs=nano.specs -mfpu=fpv4-sp-d16 -mfloat-abi=hard -mthumb -o "Startup/startup_stm32f407vgtx.o" "../Startup/startup_stm32f407vgtx.s"
arm-none-eabi-gcc "../Src/main.c" -mcpu=cortex-m4 -std=gnu11 -g3 -DDEBUG -DSTM32 -DSTM32F4 -DSTM32F407VGTx -c -I../Inc -O0 -ffunction-sections -fdata-sections -Wall -fstack-usage -fcyclomatic-complexity -MMD -MP -MF"Src/main.d" -MT"Src/main.o" --specs=nano.specs -mfpu=fpv4-sp-d16 -mfloat-abi=hard -mthumb -o "Src/main.o"
arm-none-eabi-gcc "../Src/syscalls.c" -mcpu=cortex-m4 -std=gnu11 -g3 -DDEBUG -DSTM32 -DSTM32F4 -DSTM32F407VGTx -c -I../Inc -O0 -ffunction-sections -fdata-sections -Wall -fstack-usage -fcyclomatic-complexity -MMD -MP -MF"Src/syscalls.d" -MT"Src/syscalls.o" --specs=nano.specs -mfpu=fpv4-sp-d16 -mfloat-abi=hard -mthumb -o "Src/syscalls.o"
arm-none-eabi-gcc "../Src/sysmem.c" -mcpu=cortex-m4 -std=gnu11 -g3 -DDEBUG -DSTM32 -DSTM32F4 -DSTM32F407VGTx -c -I../Inc -O0 -ffunction-sections -fdata-sections -Wall -fstack-usage -fcyclomatic-complexity -MMD -MP -MF"Src/sysmem.d" -MT"Src/sysmem.o" --specs=nano.specs -mfpu=fpv4-sp-d16 -mfloat-abi=hard -mthumb -o "Src/sysmem.o"
../Src/main.c:22:4: warning: #warning "FPU is not initialized, but the project is compiling for an FPU. Please initialize the FPU before use." [-Wcpp]
   22 |   #warning "FPU is not initialized, but the project is compiling for an FPU. Please initialize the FPU before use."
      |    ^~~~~~~
../Src/main.c: In function 'main':
../Src/main.c:29:9: warning: implicit declaration of function 'printf' [-Wimplicit-function-declaration]
   29 |         printf("In the SVC Opcode Fetch exercise");
      |         ^~~~~~
../Src/main.c:20:1: note: include '<stdio.h>' or provide a declaration of 'printf'
   19 | #include <stdint.h>
  +++ |+#include <stdio.h>
   20 | 
../Src/main.c:29:9: warning: incompatible implicit declaration of built-in function 'printf' [-Wbuiltin-declaration-mismatch]
   29 |         printf("In the SVC Opcode Fetch exercise");
      |         ^~~~~~
../Src/main.c:29:9: note: include '<stdio.h>' or provide a declaration of 'printf'
../Src/main.c: In function 'SVC_Handler':
../Src/main.c:36:9: warning: incompatible implicit declaration of built-in function 'printf' [-Wbuiltin-declaration-mismatch]
   36 |         printf("In SVC Handler");
      |         ^~~~~~
../Src/main.c:36:9: note: include '<stdio.h>' or provide a declaration of 'printf'
arm-none-eabi-gcc -o "SVC_OpcodeFetch.elf" @"objects.list"   -mcpu=cortex-m4 -T"D:\Training\STM32\STM32_workspace\SVC_OpcodeFetch\STM32F407VGTX_FLASH.ld" --specs=nosys.specs -Wl,-Map="SVC_OpcodeFetch.map" -Wl,--gc-sections -static --specs=nano.specs -mfpu=fpv4-sp-d16 -mfloat-abi=hard -mthumb -Wl,--start-group -lc -lm -Wl,--end-group
Finished building target: SVC_OpcodeFetch.elf
 
arm-none-eabi-size  SVC_OpcodeFetch.elf 
arm-none-eabi-objdump -h -S SVC_OpcodeFetch.elf  > "SVC_OpcodeFetch.list"
   text	   data	    bss	    dec	    hex	filename
   4888	     92	   1900	   6880	   1ae0	SVC_OpcodeFetch.elf
Finished building: default.size.stdout
 
Finished building: SVC_OpcodeFetch.list
 
19:16:17 **** Incremental Build of configuration Debug for project SVC_OpcodeFetch ****
make -j8 all 
arm-none-eabi-gcc "../Src/syscalls.c" -mcpu=cortex-m4 -std=gnu11 -g3 -DDEBUG -DSTM32 -DSTM32F4 -DSTM32F407VGTx -c -I../Inc -O0 -ffunction-sections -fdata-sections -Wall -fstack-usage -fcyclomatic-complexity -MMD -MP -MF"Src/syscalls.d" -MT"Src/syscalls.o" --specs=nano.specs -mfpu=fpv4-sp-d16 -mfloat-abi=hard -mthumb -o "Src/syscalls.o"
arm-none-eabi-gcc -o "SVC_OpcodeFetch.elf" @"objects.list"   -mcpu=cortex-m4 -T"D:\Training\STM32\STM32_workspace\SVC_OpcodeFetch\STM32F407VGTX_FLASH.ld" --specs=nosys.specs -Wl,-Map="SVC_OpcodeFetch.map" -Wl,--gc-sections -static --specs=nano.specs -mfpu=fpv4-sp-d16 -mfloat-abi=hard -mthumb -Wl,--start-group -lc -lm -Wl,--end-group
Finished building target: SVC_OpcodeFetch.elf
 
arm-none-eabi-size  SVC_OpcodeFetch.elf 
arm-none-eabi-objdump -h -S SVC_OpcodeFetch.elf  > "SVC_OpcodeFetch.list"
   text	   data	    bss	    dec	    hex	filename
   4968	     92	   1900	   6960	   1b30	SVC_OpcodeFetch.elf
Finished building: default.size.stdout
 
Finished building: SVC_OpcodeFetch.list
 
19:17:04 **** Incremental Build of configuration Debug for project SVC_OpcodeFetch ****
make -j8 all 
arm-none-eabi-size  SVC_OpcodeFetch.elf 
   text	   data	    bss	    dec	    hex	filename
   4968	     92	   1900	   6960	   1b30	SVC_OpcodeFetch.elf
Finished building: default.size.stdout
 
19:17:46 **** Incremental Build of configuration Debug for project SVC_OpcodeFetch ****
make -j8 all 
arm-none-eabi-gcc "../Src/main.c" -mcpu=cortex-m4 -std=gnu11 -g3 -DDEBUG -DSTM32 -DSTM32F4 -DSTM32F407VGTx -c -I../Inc -O0 -ffunction-sections -fdata-sections -Wall -fstack-usage -fcyclomatic-complexity -MMD -MP -MF"Src/main.d" -MT"Src/main.o" --specs=nano.specs -mfpu=fpv4-sp-d16 -mfloat-abi=hard -mthumb -o "Src/main.o"
../Src/main.c:22:4: warning: #warning "FPU is not initialized, but the project is compiling for an FPU. Please initialize the FPU before use." [-Wcpp]
   22 |   #warning "FPU is not initialized, but the project is compiling for an FPU. Please initialize the FPU before use."
      |    ^~~~~~~
../Src/main.c: In function 'main':
../Src/main.c:29:9: warning: implicit declaration of function 'printf' [-Wimplicit-function-declaration]
   29 |         printf("In the SVC Opcode Fetch exercise \n");
      |         ^~~~~~
../Src/main.c:20:1: note: include '<stdio.h>' or provide a declaration of 'printf'
   19 | #include <stdint.h>
  +++ |+#include <stdio.h>
   20 | 
../Src/main.c:29:9: warning: incompatible implicit declaration of built-in function 'printf' [-Wbuiltin-declaration-mismatch]
   29 |         printf("In the SVC Opcode Fetch exercise \n");
      |         ^~~~~~
../Src/main.c:29:9: note: include '<stdio.h>' or provide a declaration of 'printf'
../Src/main.c: In function 'SVC_Handler':
../Src/main.c:36:9: warning: incompatible implicit declaration of built-in function 'printf' [-Wbuiltin-declaration-mismatch]
   36 |         printf("In SVC Handler \n");
      |         ^~~~~~
../Src/main.c:36:9: note: include '<stdio.h>' or provide a declaration of 'printf'
arm-none-eabi-gcc -o "SVC_OpcodeFetch.elf" @"objects.list"   -mcpu=cortex-m4 -T"D:\Training\STM32\STM32_workspace\SVC_OpcodeFetch\STM32F407VGTX_FLASH.ld" --specs=nosys.specs -Wl,-Map="SVC_OpcodeFetch.map" -Wl,--gc-sections -static --specs=nano.specs -mfpu=fpv4-sp-d16 -mfloat-abi=hard -mthumb -Wl,--start-group -lc -lm -Wl,--end-group
Finished building target: SVC_OpcodeFetch.elf
 
arm-none-eabi-size  SVC_OpcodeFetch.elf 
arm-none-eabi-objdump -h -S SVC_OpcodeFetch.elf  > "SVC_OpcodeFetch.list"
   text	   data	    bss	    dec	    hex	filename
   3464	     92	   1900	   5456	   1550	SVC_OpcodeFetch.elf
Finished building: default.size.stdout
 
Finished building: SVC_OpcodeFetch.list
 
19:18:31 **** Incremental Build of configuration Debug for project SVC_OpcodeFetch ****
make -j8 all 
arm-none-eabi-gcc "../Src/main.c" -mcpu=cortex-m4 -std=gnu11 -g3 -DDEBUG -DSTM32 -DSTM32F4 -DSTM32F407VGTx -c -I../Inc -O0 -ffunction-sections -fdata-sections -Wall -fstack-usage -fcyclomatic-complexity -MMD -MP -MF"Src/main.d" -MT"Src/main.o" --specs=nano.specs -mfpu=fpv4-sp-d16 -mfloat-abi=hard -mthumb -o "Src/main.o"
../Src/main.c:22:4: warning: #warning "FPU is not initialized, but the project is compiling for an FPU. Please initialize the FPU before use." [-Wcpp]
   22 |   #warning "FPU is not initialized, but the project is compiling for an FPU. Please initialize the FPU before use."
      |    ^~~~~~~
arm-none-eabi-gcc -o "SVC_OpcodeFetch.elf" @"objects.list"   -mcpu=cortex-m4 -T"D:\Training\STM32\STM32_workspace\SVC_OpcodeFetch\STM32F407VGTX_FLASH.ld" --specs=nosys.specs -Wl,-Map="SVC_OpcodeFetch.map" -Wl,--gc-sections -static --specs=nano.specs -mfpu=fpv4-sp-d16 -mfloat-abi=hard -mthumb -Wl,--start-group -lc -lm -Wl,--end-group
Finished building target: SVC_OpcodeFetch.elf
 
arm-none-eabi-size  SVC_OpcodeFetch.elf 
arm-none-eabi-objdump -h -S SVC_OpcodeFetch.elf  > "SVC_OpcodeFetch.list"
   text	   data	    bss	    dec	    hex	filename
   3464	     92	   1900	   5456	   1550	SVC_OpcodeFetch.elf
Finished building: default.size.stdout
 
Finished building: SVC_OpcodeFetch.list
 
19:18:37 **** Incremental Build of configuration Debug for project SVC_OpcodeFetch ****
make -j8 all 
arm-none-eabi-size  SVC_OpcodeFetch.elf 
   text	   data	    bss	    dec	    hex	filename
   3464	     92	   1900	   5456	   1550	SVC_OpcodeFetch.elf
Finished building: default.size.stdout
 
19:19:08 **** Incremental Build of configuration Debug for project SVC_OpcodeFetch ****
make -j8 all 
arm-none-eabi-size  SVC_OpcodeFetch.elf 
   text	   data	    bss	    dec	    hex	filename
   3464	     92	   1900	   5456	   1550	SVC_OpcodeFetch.elf
Finished building: default.size.stdout
 
19:22:55 **** Incremental Build of configuration Debug for project SVC_OpcodeFetch ****
make -j8 all 
arm-none-eabi-gcc "../Src/main.c" -mcpu=cortex-m4 -std=gnu11 -g3 -DDEBUG -DSTM32 -DSTM32F4 -DSTM32F407VGTx -c -I../Inc -O0 -ffunction-sections -fdata-sections -Wall -fstack-usage -fcyclomatic-complexity -MMD -MP -MF"Src/main.d" -MT"Src/main.o" --specs=nano.specs -mfpu=fpv4-sp-d16 -mfloat-abi=hard -mthumb -o "Src/main.o"
../Src/main.c:22:4: warning: #warning "FPU is not initialized, but the project is compiling for an FPU. Please initialize the FPU before use." [-Wcpp]
   22 |   #warning "FPU is not initialized, but the project is compiling for an FPU. Please initialize the FPU before use."
      |    ^~~~~~~
arm-none-eabi-gcc -o "SVC_OpcodeFetch.elf" @"objects.list"   -mcpu=cortex-m4 -T"D:\Training\STM32\STM32_workspace\SVC_OpcodeFetch\STM32F407VGTX_FLASH.ld" --specs=nosys.specs -Wl,-Map="SVC_OpcodeFetch.map" -Wl,--gc-sections -static --specs=nano.specs -mfpu=fpv4-sp-d16 -mfloat-abi=hard -mthumb -Wl,--start-group -lc -lm -Wl,--end-group
Finished building target: SVC_OpcodeFetch.elf
 
arm-none-eabi-size  SVC_OpcodeFetch.elf 
arm-none-eabi-objdump -h -S SVC_OpcodeFetch.elf  > "SVC_OpcodeFetch.list"
   text	   data	    bss	    dec	    hex	filename
   3492	     92	   1900	   5484	   156c	SVC_OpcodeFetch.elf
Finished building: default.size.stdout
 
Finished building: SVC_OpcodeFetch.list
 
19:25:42 **** Incremental Build of configuration Debug for project SVC_OpcodeFetch ****
make -j8 all 
arm-none-eabi-size  SVC_OpcodeFetch.elf 
   text	   data	    bss	    dec	    hex	filename
   3492	     92	   1900	   5484	   156c	SVC_OpcodeFetch.elf
Finished building: default.size.stdout
 
19:37:58 **** Incremental Build of configuration Debug for project SVC_OpcodeFetch ****
make -j8 all 
arm-none-eabi-size  SVC_OpcodeFetch.elf 
   text	   data	    bss	    dec	    hex	filename
   3492	     92	   1900	   5484	   156c	SVC_OpcodeFetch.elf
Finished building: default.size.stdout
 
19:42:52 **** Incremental Build of configuration Debug for project SVC_OpcodeFetch ****
make -j8 all 
arm-none-eabi-gcc "../Src/main.c" -mcpu=cortex-m4 -std=gnu11 -g3 -DDEBUG -DSTM32 -DSTM32F4 -DSTM32F407VGTx -c -I../Inc -O0 -ffunction-sections -fdata-sections -Wall -fstack-usage -fcyclomatic-complexity -MMD -MP -MF"Src/main.d" -MT"Src/main.o" --specs=nano.specs -mfpu=fpv4-sp-d16 -mfloat-abi=hard -mthumb -o "Src/main.o"
../Src/main.c:22:4: warning: #warning "FPU is not initialized, but the project is compiling for an FPU. Please initialize the FPU before use." [-Wcpp]
   22 |   #warning "FPU is not initialized, but the project is compiling for an FPU. Please initialize the FPU before use."
      |    ^~~~~~~
../Src/main.c: In function 'SVC_Handler_call':
../Src/main.c:43:14: warning: format '%d' expects argument of type 'int', but argument 2 has type 'uint8_t *' {aka 'unsigned char *'} [-Wformat=]
   43 |     printf("%d \n", numberFetch);
      |             ~^      ~~~~~~~~~~~
      |              |      |
      |              int    uint8_t * {aka unsigned char *}
      |             %hhn
arm-none-eabi-gcc -o "SVC_OpcodeFetch.elf" @"objects.list"   -mcpu=cortex-m4 -T"D:\Training\STM32\STM32_workspace\SVC_OpcodeFetch\STM32F407VGTX_FLASH.ld" --specs=nosys.specs -Wl,-Map="SVC_OpcodeFetch.map" -Wl,--gc-sections -static --specs=nano.specs -mfpu=fpv4-sp-d16 -mfloat-abi=hard -mthumb -Wl,--start-group -lc -lm -Wl,--end-group
Finished building target: SVC_OpcodeFetch.elf
 
arm-none-eabi-size  SVC_OpcodeFetch.elf 
arm-none-eabi-objdump -h -S SVC_OpcodeFetch.elf  > "SVC_OpcodeFetch.list"
   text	   data	    bss	    dec	    hex	filename
   5244	     92	   1900	   7236	   1c44	SVC_OpcodeFetch.elf
Finished building: default.size.stdout
 
Finished building: SVC_OpcodeFetch.list
 
19:43:48 **** Incremental Build of configuration Debug for project SVC_OpcodeFetch ****
make -j8 all 
arm-none-eabi-gcc "../Src/main.c" -mcpu=cortex-m4 -std=gnu11 -g3 -DDEBUG -DSTM32 -DSTM32F4 -DSTM32F407VGTx -c -I../Inc -O0 -ffunction-sections -fdata-sections -Wall -fstack-usage -fcyclomatic-complexity -MMD -MP -MF"Src/main.d" -MT"Src/main.o" --specs=nano.specs -mfpu=fpv4-sp-d16 -mfloat-abi=hard -mthumb -o "Src/main.o"
../Src/main.c:22:4: warning: #warning "FPU is not initialized, but the project is compiling for an FPU. Please initialize the FPU before use." [-Wcpp]
   22 |   #warning "FPU is not initialized, but the project is compiling for an FPU. Please initialize the FPU before use."
      |    ^~~~~~~
arm-none-eabi-gcc -o "SVC_OpcodeFetch.elf" @"objects.list"   -mcpu=cortex-m4 -T"D:\Training\STM32\STM32_workspace\SVC_OpcodeFetch\STM32F407VGTX_FLASH.ld" --specs=nosys.specs -Wl,-Map="SVC_OpcodeFetch.map" -Wl,--gc-sections -static --specs=nano.specs -mfpu=fpv4-sp-d16 -mfloat-abi=hard -mthumb -Wl,--start-group -lc -lm -Wl,--end-group
Finished building target: SVC_OpcodeFetch.elf
 
arm-none-eabi-size  SVC_OpcodeFetch.elf 
arm-none-eabi-objdump -h -S SVC_OpcodeFetch.elf  > "SVC_OpcodeFetch.list"
   text	   data	    bss	    dec	    hex	filename
   5248	     92	   1900	   7240	   1c48	SVC_OpcodeFetch.elf
Finished building: default.size.stdout
 
Finished building: SVC_OpcodeFetch.list
 
19:48:45 **** Incremental Build of configuration Debug for project SVC_OpcodeFetch ****
make -j8 all 
arm-none-eabi-gcc "../Src/main.c" -mcpu=cortex-m4 -std=gnu11 -g3 -DDEBUG -DSTM32 -DSTM32F4 -DSTM32F407VGTx -c -I../Inc -O0 -ffunction-sections -fdata-sections -Wall -fstack-usage -fcyclomatic-complexity -MMD -MP -MF"Src/main.d" -MT"Src/main.o" --specs=nano.specs -mfpu=fpv4-sp-d16 -mfloat-abi=hard -mthumb -o "Src/main.o"
../Src/main.c:22:4: warning: #warning "FPU is not initialized, but the project is compiling for an FPU. Please initialize the FPU before use." [-Wcpp]
   22 |   #warning "FPU is not initialized, but the project is compiling for an FPU. Please initialize the FPU before use."
      |    ^~~~~~~
../Src/main.c: In function 'SVC_Handler_call':
../Src/main.c:43:15: warning: format '%d' expects argument of type 'int', but argument 2 has type 'uint32_t *' {aka 'long unsigned int *'} [-Wformat=]
   43 |     printf ("%d , %d , %d \n", MainStackPtr, &MainStackPtr[6], numberFetch);
      |              ~^                ~~~~~~~~~~~~
      |               |                |
      |               int              uint32_t * {aka long unsigned int *}
      |              %ln
../Src/main.c:43:20: warning: format '%d' expects argument of type 'int', but argument 3 has type 'uint32_t *' {aka 'long unsigned int *'} [-Wformat=]
   43 |     printf ("%d , %d , %d \n", MainStackPtr, &MainStackPtr[6], numberFetch);
      |                   ~^                         ~~~~~~~~~~~~~~~~
      |                    |                         |
      |                    int                       uint32_t * {aka long unsigned int *}
      |                   %ln
../Src/main.c:43:25: warning: format '%d' expects argument of type 'int', but argument 4 has type 'uint8_t *' {aka 'unsigned char *'} [-Wformat=]
   43 |     printf ("%d , %d , %d \n", MainStackPtr, &MainStackPtr[6], numberFetch);
      |                        ~^                                      ~~~~~~~~~~~
      |                         |                                      |
      |                         int                                    uint8_t * {aka unsigned char *}
      |                        %hhn
arm-none-eabi-gcc -o "SVC_OpcodeFetch.elf" @"objects.list"   -mcpu=cortex-m4 -T"D:\Training\STM32\STM32_workspace\SVC_OpcodeFetch\STM32F407VGTX_FLASH.ld" --specs=nosys.specs -Wl,-Map="SVC_OpcodeFetch.map" -Wl,--gc-sections -static --specs=nano.specs -mfpu=fpv4-sp-d16 -mfloat-abi=hard -mthumb -Wl,--start-group -lc -lm -Wl,--end-group
Finished building target: SVC_OpcodeFetch.elf
 
arm-none-eabi-size  SVC_OpcodeFetch.elf 
arm-none-eabi-objdump -h -S SVC_OpcodeFetch.elf  > "SVC_OpcodeFetch.list"
   text	   data	    bss	    dec	    hex	filename
   5284	     92	   1900	   7276	   1c6c	SVC_OpcodeFetch.elf
Finished building: default.size.stdout
 
Finished building: SVC_OpcodeFetch.list
 
19:51:55 **** Incremental Build of configuration Debug for project SVC_OpcodeFetch ****
make -j8 all 
arm-none-eabi-gcc "../Src/main.c" -mcpu=cortex-m4 -std=gnu11 -g3 -DDEBUG -DSTM32 -DSTM32F4 -DSTM32F407VGTx -c -I../Inc -O0 -ffunction-sections -fdata-sections -Wall -fstack-usage -fcyclomatic-complexity -MMD -MP -MF"Src/main.d" -MT"Src/main.o" --specs=nano.specs -mfpu=fpv4-sp-d16 -mfloat-abi=hard -mthumb -o "Src/main.o"
../Src/main.c:22:4: warning: #warning "FPU is not initialized, but the project is compiling for an FPU. Please initialize the FPU before use." [-Wcpp]
   22 |   #warning "FPU is not initialized, but the project is compiling for an FPU. Please initialize the FPU before use."
      |    ^~~~~~~
../Src/main.c: In function 'SVC_Handler_call':
../Src/main.c:43:16: warning: format '%lx' expects argument of type 'long unsigned int', but argument 2 has type 'uint32_t *' {aka 'long unsigned int *'} [-Wformat=]
   43 |     printf ("%lx , %lx , %lx \n", MainStackPtr, &MainStackPtr[6], numberFetch);
      |              ~~^                  ~~~~~~~~~~~~
      |                |                  |
      |                long unsigned int  uint32_t * {aka long unsigned int *}
      |              %ln
../Src/main.c:43:22: warning: format '%lx' expects argument of type 'long unsigned int', but argument 3 has type 'uint32_t *' {aka 'long unsigned int *'} [-Wformat=]
   43 |     printf ("%lx , %lx , %lx \n", MainStackPtr, &MainStackPtr[6], numberFetch);
      |                    ~~^                          ~~~~~~~~~~~~~~~~
      |                      |                          |
      |                      long unsigned int          uint32_t * {aka long unsigned int *}
      |                    %ln
../Src/main.c:43:28: warning: format '%lx' expects argument of type 'long unsigned int', but argument 4 has type 'uint8_t *' {aka 'unsigned char *'} [-Wformat=]
   43 |     printf ("%lx , %lx , %lx \n", MainStackPtr, &MainStackPtr[6], numberFetch);
      |                          ~~^                                      ~~~~~~~~~~~
      |                            |                                      |
      |                            long unsigned int                      uint8_t * {aka unsigned char *}
      |                          %hhn
arm-none-eabi-gcc -o "SVC_OpcodeFetch.elf" @"objects.list"   -mcpu=cortex-m4 -T"D:\Training\STM32\STM32_workspace\SVC_OpcodeFetch\STM32F407VGTX_FLASH.ld" --specs=nosys.specs -Wl,-Map="SVC_OpcodeFetch.map" -Wl,--gc-sections -static --specs=nano.specs -mfpu=fpv4-sp-d16 -mfloat-abi=hard -mthumb -Wl,--start-group -lc -lm -Wl,--end-group
Finished building target: SVC_OpcodeFetch.elf
 
arm-none-eabi-size  SVC_OpcodeFetch.elf 
arm-none-eabi-objdump -h -S SVC_OpcodeFetch.elf  > "SVC_OpcodeFetch.list"
   text	   data	    bss	    dec	    hex	filename
   5288	     92	   1900	   7280	   1c70	SVC_OpcodeFetch.elf
Finished building: default.size.stdout
 
Finished building: SVC_OpcodeFetch.list
 
20:05:39 **** Incremental Build of configuration Debug for project SVC_OpcodeFetch ****
make -j8 all 
arm-none-eabi-gcc -mcpu=cortex-m4 -g3 -DDEBUG -c -x assembler-with-cpp -MMD -MP -MF"Startup/startup_stm32f407vgtx.d" -MT"Startup/startup_stm32f407vgtx.o" --specs=nano.specs -mfpu=fpv4-sp-d16 -mfloat-abi=hard -mthumb -o "Startup/startup_stm32f407vgtx.o" "../Startup/startup_stm32f407vgtx.s"
arm-none-eabi-gcc "../Src/main.c" -mcpu=cortex-m4 -std=gnu11 -g3 -DDEBUG -DSTM32 -DSTM32F4 -DSTM32F407VGTx -c -I../Inc -O0 -ffunction-sections -fdata-sections -Wall -fstack-usage -fcyclomatic-complexity -MMD -MP -MF"Src/main.d" -MT"Src/main.o" --specs=nano.specs -mfpu=fpv4-sp-d16 -mfloat-abi=hard -mthumb -o "Src/main.o"
../Src/main.c:22:4: warning: #warning "FPU is not initialized, but the project is compiling for an FPU. Please initialize the FPU before use." [-Wcpp]
   22 |   #warning "FPU is not initialized, but the project is compiling for an FPU. Please initialize the FPU before use."
      |    ^~~~~~~
arm-none-eabi-gcc -o "SVC_OpcodeFetch.elf" @"objects.list"   -mcpu=cortex-m4 -T"D:\Training\STM32\STM32_workspace\SVC_OpcodeFetch\STM32F407VGTX_FLASH.ld" --specs=nosys.specs -Wl,-Map="SVC_OpcodeFetch.map" -Wl,--gc-sections -static --specs=nano.specs -mfpu=fpv4-sp-d16 -mfloat-abi=hard -mthumb -Wl,--start-group -lc -lm -Wl,--end-group
Finished building target: SVC_OpcodeFetch.elf
 
arm-none-eabi-size  SVC_OpcodeFetch.elf 
arm-none-eabi-objdump -h -S SVC_OpcodeFetch.elf  > "SVC_OpcodeFetch.list"
   text	   data	    bss	    dec	    hex	filename
   5268	     92	   1900	   7260	   1c5c	SVC_OpcodeFetch.elf
Finished building: default.size.stdout
 
Finished building: SVC_OpcodeFetch.list
 
20:06:20 **** Incremental Build of configuration Debug for project SVC_OpcodeFetch ****
make -j8 all 
arm-none-eabi-gcc "../Src/main.c" -mcpu=cortex-m4 -std=gnu11 -g3 -DDEBUG -DSTM32 -DSTM32F4 -DSTM32F407VGTx -c -I../Inc -O0 -ffunction-sections -fdata-sections -Wall -fstack-usage -fcyclomatic-complexity -MMD -MP -MF"Src/main.d" -MT"Src/main.o" --specs=nano.specs -mfpu=fpv4-sp-d16 -mfloat-abi=hard -mthumb -o "Src/main.o"
../Src/main.c:22:4: warning: #warning "FPU is not initialized, but the project is compiling for an FPU. Please initialize the FPU before use." [-Wcpp]
   22 |   #warning "FPU is not initialized, but the project is compiling for an FPU. Please initialize the FPU before use."
      |    ^~~~~~~
arm-none-eabi-gcc -o "SVC_OpcodeFetch.elf" @"objects.list"   -mcpu=cortex-m4 -T"D:\Training\STM32\STM32_workspace\SVC_OpcodeFetch\STM32F407VGTX_FLASH.ld" --specs=nosys.specs -Wl,-Map="SVC_OpcodeFetch.map" -Wl,--gc-sections -static --specs=nano.specs -mfpu=fpv4-sp-d16 -mfloat-abi=hard -mthumb -Wl,--start-group -lc -lm -Wl,--end-group
Finished building target: SVC_OpcodeFetch.elf
 
arm-none-eabi-size  SVC_OpcodeFetch.elf 
arm-none-eabi-objdump -h -S SVC_OpcodeFetch.elf  > "SVC_OpcodeFetch.list"
   text	   data	    bss	    dec	    hex	filename
   5272	     92	   1900	   7264	   1c60	SVC_OpcodeFetch.elf
Finished building: default.size.stdout
 
Finished building: SVC_OpcodeFetch.list
 
20:07:31 **** Incremental Build of configuration Debug for project SVC_OpcodeFetch ****
make -j8 all 
arm-none-eabi-size  SVC_OpcodeFetch.elf 
   text	   data	    bss	    dec	    hex	filename
   5272	     92	   1900	   7264	   1c60	SVC_OpcodeFetch.elf
Finished building: default.size.stdout
 
20:10:12 **** Incremental Build of configuration Debug for project SVC_OpcodeFetch ****
make -j8 all 
arm-none-eabi-gcc "../Src/main.c" -mcpu=cortex-m4 -std=gnu11 -g3 -DDEBUG -DSTM32 -DSTM32F4 -DSTM32F407VGTx -c -I../Inc -O0 -ffunction-sections -fdata-sections -Wall -fstack-usage -fcyclomatic-complexity -MMD -MP -MF"Src/main.d" -MT"Src/main.o" --specs=nano.specs -mfpu=fpv4-sp-d16 -mfloat-abi=hard -mthumb -o "Src/main.o"
../Src/main.c:22:4: warning: #warning "FPU is not initialized, but the project is compiling for an FPU. Please initialize the FPU before use." [-Wcpp]
   22 |   #warning "FPU is not initialized, but the project is compiling for an FPU. Please initialize the FPU before use."
      |    ^~~~~~~
arm-none-eabi-gcc -o "SVC_OpcodeFetch.elf" @"objects.list"   -mcpu=cortex-m4 -T"D:\Training\STM32\STM32_workspace\SVC_OpcodeFetch\STM32F407VGTX_FLASH.ld" --specs=nosys.specs -Wl,-Map="SVC_OpcodeFetch.map" -Wl,--gc-sections -static --specs=nano.specs -mfpu=fpv4-sp-d16 -mfloat-abi=hard -mthumb -Wl,--start-group -lc -lm -Wl,--end-group
Finished building target: SVC_OpcodeFetch.elf
 
arm-none-eabi-size  SVC_OpcodeFetch.elf 
arm-none-eabi-objdump -h -S SVC_OpcodeFetch.elf  > "SVC_OpcodeFetch.list"
   text	   data	    bss	    dec	    hex	filename
   5268	     92	   1900	   7260	   1c5c	SVC_OpcodeFetch.elf
Finished building: default.size.stdout
 
Finished building: SVC_OpcodeFetch.list
 
20:18:54 **** Incremental Build of configuration Debug for project SVC_OpcodeFetch ****
make -j8 all 
arm-none-eabi-gcc "../Src/main.c" -mcpu=cortex-m4 -std=gnu11 -g3 -DDEBUG -DSTM32 -DSTM32F4 -DSTM32F407VGTx -c -I../Inc -O0 -ffunction-sections -fdata-sections -Wall -fstack-usage -fcyclomatic-complexity -MMD -MP -MF"Src/main.d" -MT"Src/main.o" --specs=nano.specs -mfpu=fpv4-sp-d16 -mfloat-abi=hard -mthumb -o "Src/main.o"
../Src/main.c:22:4: warning: #warning "FPU is not initialized, but the project is compiling for an FPU. Please initialize the FPU before use." [-Wcpp]
   22 |   #warning "FPU is not initialized, but the project is compiling for an FPU. Please initialize the FPU before use."
      |    ^~~~~~~
../Src/main.c: In function 'main':
../Src/main.c:32:43: error: 'data' undeclared (first use in this function)
   32 |         __asm volatile ("MOV %0, R0": "r"(data));
      |                                           ^~~~
../Src/main.c:32:43: note: each undeclared identifier is reported only once for each function it appears in
../Src/main.c:32:9: error: output operand constraint lacks '='
   32 |         __asm volatile ("MOV %0, R0": "r"(data));
      |         ^~~~~
../Src/main.c:32:9: error: output operand constraint lacks '='
make: *** [Src/subdir.mk:25: Src/main.o] Error 1
"make -j8 all" terminated with exit code 2. Build might be incomplete.
20:19:14 **** Incremental Build of configuration Debug for project SVC_OpcodeFetch ****
make -j8 all 
arm-none-eabi-gcc "../Src/main.c" -mcpu=cortex-m4 -std=gnu11 -g3 -DDEBUG -DSTM32 -DSTM32F4 -DSTM32F407VGTx -c -I../Inc -O0 -ffunction-sections -fdata-sections -Wall -fstack-usage -fcyclomatic-complexity -MMD -MP -MF"Src/main.d" -MT"Src/main.o" --specs=nano.specs -mfpu=fpv4-sp-d16 -mfloat-abi=hard -mthumb -o "Src/main.o"
../Src/main.c:22:4: warning: #warning "FPU is not initialized, but the project is compiling for an FPU. Please initialize the FPU before use." [-Wcpp]
   22 |   #warning "FPU is not initialized, but the project is compiling for an FPU. Please initialize the FPU before use."
      |    ^~~~~~~
../Src/main.c: In function 'main':
../Src/main.c:32:44: error: 'data' undeclared (first use in this function)
   32 |         __asm volatile ("MOV %0, R0": "=r"(data));
      |                                            ^~~~
../Src/main.c:32:44: note: each undeclared identifier is reported only once for each function it appears in
make: *** [Src/subdir.mk:25: Src/main.o] Error 1
"make -j8 all" terminated with exit code 2. Build might be incomplete.
20:19:18 **** Incremental Build of configuration Debug for project SVC_OpcodeFetch ****
make -j8 all 
arm-none-eabi-gcc "../Src/main.c" -mcpu=cortex-m4 -std=gnu11 -g3 -DDEBUG -DSTM32 -DSTM32F4 -DSTM32F407VGTx -c -I../Inc -O0 -ffunction-sections -fdata-sections -Wall -fstack-usage -fcyclomatic-complexity -MMD -MP -MF"Src/main.d" -MT"Src/main.o" --specs=nano.specs -mfpu=fpv4-sp-d16 -mfloat-abi=hard -mthumb -o "Src/main.o"
../Src/main.c:22:4: warning: #warning "FPU is not initialized, but the project is compiling for an FPU. Please initialize the FPU before use." [-Wcpp]
   22 |   #warning "FPU is not initialized, but the project is compiling for an FPU. Please initialize the FPU before use."
      |    ^~~~~~~
../Src/main.c: In function 'main':
../Src/main.c:32:44: error: 'data' undeclared (first use in this function)
   32 |         __asm volatile ("MOV %0, R0": "=r"(data));
      |                                            ^~~~
../Src/main.c:32:44: note: each undeclared identifier is reported only once for each function it appears in
make: *** [Src/subdir.mk:25: Src/main.o] Error 1
"make -j8 all" terminated with exit code 2. Build might be incomplete.
20:19:36 **** Incremental Build of configuration Debug for project SVC_OpcodeFetch ****
make -j8 all 
arm-none-eabi-gcc "../Src/main.c" -mcpu=cortex-m4 -std=gnu11 -g3 -DDEBUG -DSTM32 -DSTM32F4 -DSTM32F407VGTx -c -I../Inc -O0 -ffunction-sections -fdata-sections -Wall -fstack-usage -fcyclomatic-complexity -MMD -MP -MF"Src/main.d" -MT"Src/main.o" --specs=nano.specs -mfpu=fpv4-sp-d16 -mfloat-abi=hard -mthumb -o "Src/main.o"
../Src/main.c:22:4: warning: #warning "FPU is not initialized, but the project is compiling for an FPU. Please initialize the FPU before use." [-Wcpp]
   22 |   #warning "FPU is not initialized, but the project is compiling for an FPU. Please initialize the FPU before use."
      |    ^~~~~~~
../Src/main.c: In function 'main':
../Src/main.c:34:26: warning: format '%ld' expects argument of type 'long int', but argument 2 has type 'int' [-Wformat=]
   34 |         printf("data = %ld \n", data);
      |                        ~~^      ~~~~
      |                          |      |
      |                          |      int
      |                          long int
      |                        %d
arm-none-eabi-gcc -o "SVC_OpcodeFetch.elf" @"objects.list"   -mcpu=cortex-m4 -T"D:\Training\STM32\STM32_workspace\SVC_OpcodeFetch\STM32F407VGTX_FLASH.ld" --specs=nosys.specs -Wl,-Map="SVC_OpcodeFetch.map" -Wl,--gc-sections -static --specs=nano.specs -mfpu=fpv4-sp-d16 -mfloat-abi=hard -mthumb -Wl,--start-group -lc -lm -Wl,--end-group
Finished building target: SVC_OpcodeFetch.elf
 
arm-none-eabi-size  SVC_OpcodeFetch.elf 
arm-none-eabi-objdump -h -S SVC_OpcodeFetch.elf  > "SVC_OpcodeFetch.list"
   text	   data	    bss	    dec	    hex	filename
   5272	     92	   1900	   7264	   1c60	SVC_OpcodeFetch.elf
Finished building: default.size.stdout
 
Finished building: SVC_OpcodeFetch.list
 
20:19:39 **** Incremental Build of configuration Debug for project SVC_OpcodeFetch ****
make -j8 all 
arm-none-eabi-size  SVC_OpcodeFetch.elf 
   text	   data	    bss	    dec	    hex	filename
   5272	     92	   1900	   7264	   1c60	SVC_OpcodeFetch.elf
Finished building: default.size.stdout
 
20:19:50 **** Incremental Build of configuration Debug for project SVC_OpcodeFetch ****
make -j8 all 
arm-none-eabi-size  SVC_OpcodeFetch.elf 
   text	   data	    bss	    dec	    hex	filename
   5272	     92	   1900	   7264	   1c60	SVC_OpcodeFetch.elf
Finished building: default.size.stdout
 
20:20:03 **** Incremental Build of configuration Debug for project SVC_OpcodeFetch ****
make -j8 all 
arm-none-eabi-size  SVC_OpcodeFetch.elf 
   text	   data	    bss	    dec	    hex	filename
   5272	     92	   1900	   7264	   1c60	SVC_OpcodeFetch.elf
Finished building: default.size.stdout
 
20:20:15 **** Incremental Build of configuration Debug for project SVC_OpcodeFetch ****
make -j8 all 
arm-none-eabi-size  SVC_OpcodeFetch.elf 
   text	   data	    bss	    dec	    hex	filename
   5272	     92	   1900	   7264	   1c60	SVC_OpcodeFetch.elf
Finished building: default.size.stdout
 
20:31:26 **** Incremental Build of configuration Debug for project SVC_OpcodeFetch ****
make -j8 all 
arm-none-eabi-gcc "../Src/main.c" -mcpu=cortex-m4 -std=gnu11 -g3 -DDEBUG -DSTM32 -DSTM32F4 -DSTM32F407VGTx -c -I../Inc -O0 -ffunction-sections -fdata-sections -Wall -fstack-usage -fcyclomatic-complexity -MMD -MP -MF"Src/main.d" -MT"Src/main.o" --specs=nano.specs -mfpu=fpv4-sp-d16 -mfloat-abi=hard -mthumb -o "Src/main.o"
../Src/main.c:22:4: warning: #warning "FPU is not initialized, but the project is compiling for an FPU. Please initialize the FPU before use." [-Wcpp]
   22 |   #warning "FPU is not initialized, but the project is compiling for an FPU. Please initialize the FPU before use."
      |    ^~~~~~~
../Src/main.c: In function 'main':
../Src/main.c:61:44: error: 'data' undeclared (first use in this function)
   61 |         __asm volatile ("MOV %0, R0": "=r"(data));
      |                                            ^~~~
../Src/main.c:61:44: note: each undeclared identifier is reported only once for each function it appears in
../Src/main.c:59:18: warning: unused variable 'result4' [-Wunused-variable]
   59 |         uint32_t result4 = Multiply (10,20);
      |                  ^~~~~~~
../Src/main.c:58:18: warning: unused variable 'result3' [-Wunused-variable]
   58 |         uint32_t result3 = Division (10,20);
      |                  ^~~~~~~
../Src/main.c:57:18: warning: unused variable 'result2' [-Wunused-variable]
   57 |         uint32_t result2 = Subtraction (10,20);
      |                  ^~~~~~~
../Src/main.c:56:18: warning: unused variable 'result1' [-Wunused-variable]
   56 |         uint32_t result1= Addition (10,20);
      |                  ^~~~~~~
make: *** [Src/subdir.mk:25: Src/main.o] Error 1
"make -j8 all" terminated with exit code 2. Build might be incomplete.
20:31:38 **** Incremental Build of configuration Debug for project SVC_OpcodeFetch ****
make -j8 all 
arm-none-eabi-gcc "../Src/main.c" -mcpu=cortex-m4 -std=gnu11 -g3 -DDEBUG -DSTM32 -DSTM32F4 -DSTM32F407VGTx -c -I../Inc -O0 -ffunction-sections -fdata-sections -Wall -fstack-usage -fcyclomatic-complexity -MMD -MP -MF"Src/main.d" -MT"Src/main.o" --specs=nano.specs -mfpu=fpv4-sp-d16 -mfloat-abi=hard -mthumb -o "Src/main.o"
../Src/main.c:22:4: warning: #warning "FPU is not initialized, but the project is compiling for an FPU. Please initialize the FPU before use." [-Wcpp]
   22 |   #warning "FPU is not initialized, but the project is compiling for an FPU. Please initialize the FPU before use."
      |    ^~~~~~~
../Src/main.c: In function 'main':
../Src/main.c:59:18: warning: unused variable 'result4' [-Wunused-variable]
   59 |         uint32_t result4 = Multiply (10,20);
      |                  ^~~~~~~
../Src/main.c:58:18: warning: unused variable 'result3' [-Wunused-variable]
   58 |         uint32_t result3 = Division (10,20);
      |                  ^~~~~~~
../Src/main.c:57:18: warning: unused variable 'result2' [-Wunused-variable]
   57 |         uint32_t result2 = Subtraction (10,20);
      |                  ^~~~~~~
../Src/main.c:56:18: warning: unused variable 'result1' [-Wunused-variable]
   56 |         uint32_t result1= Addition (10,20);
      |                  ^~~~~~~
arm-none-eabi-gcc -o "SVC_OpcodeFetch.elf" @"objects.list"   -mcpu=cortex-m4 -T"D:\Training\STM32\STM32_workspace\SVC_OpcodeFetch\STM32F407VGTX_FLASH.ld" --specs=nosys.specs -Wl,-Map="SVC_OpcodeFetch.map" -Wl,--gc-sections -static --specs=nano.specs -mfpu=fpv4-sp-d16 -mfloat-abi=hard -mthumb -Wl,--start-group -lc -lm -Wl,--end-group
Finished building target: SVC_OpcodeFetch.elf
 
arm-none-eabi-size  SVC_OpcodeFetch.elf 
arm-none-eabi-objdump -h -S SVC_OpcodeFetch.elf  > "SVC_OpcodeFetch.list"
   text	   data	    bss	    dec	    hex	filename
   5396	     92	   1900	   7388	   1cdc	SVC_OpcodeFetch.elf
Finished building: default.size.stdout
 
Finished building: SVC_OpcodeFetch.list
 
20:35:40 **** Incremental Build of configuration Debug for project SVC_OpcodeFetch ****
make -j8 all 
arm-none-eabi-gcc "../Src/main.c" -mcpu=cortex-m4 -std=gnu11 -g3 -DDEBUG -DSTM32 -DSTM32F4 -DSTM32F407VGTx -c -I../Inc -O0 -ffunction-sections -fdata-sections -Wall -fstack-usage -fcyclomatic-complexity -MMD -MP -MF"Src/main.d" -MT"Src/main.o" --specs=nano.specs -mfpu=fpv4-sp-d16 -mfloat-abi=hard -mthumb -o "Src/main.o"
../Src/main.c:22:4: warning: #warning "FPU is not initialized, but the project is compiling for an FPU. Please initialize the FPU before use." [-Wcpp]
   22 |   #warning "FPU is not initialized, but the project is compiling for an FPU. Please initialize the FPU before use."
      |    ^~~~~~~
../Src/main.c: In function 'main':
../Src/main.c:59:18: warning: unused variable 'result4' [-Wunused-variable]
   59 |         uint32_t result4 = Multiply (10,20);
      |                  ^~~~~~~
../Src/main.c:58:18: warning: unused variable 'result3' [-Wunused-variable]
   58 |         uint32_t result3 = Division (10,20);
      |                  ^~~~~~~
../Src/main.c:57:18: warning: unused variable 'result2' [-Wunused-variable]
   57 |         uint32_t result2 = Subtraction (10,20);
      |                  ^~~~~~~
../Src/main.c:56:18: warning: unused variable 'result1' [-Wunused-variable]
   56 |         uint32_t result1= Addition (10,20);
      |                  ^~~~~~~
arm-none-eabi-gcc -o "SVC_OpcodeFetch.elf" @"objects.list"   -mcpu=cortex-m4 -T"D:\Training\STM32\STM32_workspace\SVC_OpcodeFetch\STM32F407VGTX_FLASH.ld" --specs=nosys.specs -Wl,-Map="SVC_OpcodeFetch.map" -Wl,--gc-sections -static --specs=nano.specs -mfpu=fpv4-sp-d16 -mfloat-abi=hard -mthumb -Wl,--start-group -lc -lm -Wl,--end-group
Finished building target: SVC_OpcodeFetch.elf
 
arm-none-eabi-size  SVC_OpcodeFetch.elf 
arm-none-eabi-objdump -h -S SVC_OpcodeFetch.elf  > "SVC_OpcodeFetch.list"
   text	   data	    bss	    dec	    hex	filename
   5500	     92	   1900	   7492	   1d44	SVC_OpcodeFetch.elf
Finished building: default.size.stdout
 
Finished building: SVC_OpcodeFetch.list
 
20:36:31 **** Incremental Build of configuration Debug for project SVC_OpcodeFetch ****
make -j8 all 
arm-none-eabi-gcc "../Src/main.c" -mcpu=cortex-m4 -std=gnu11 -g3 -DDEBUG -DSTM32 -DSTM32F4 -DSTM32F407VGTx -c -I../Inc -O0 -ffunction-sections -fdata-sections -Wall -fstack-usage -fcyclomatic-complexity -MMD -MP -MF"Src/main.d" -MT"Src/main.o" --specs=nano.specs -mfpu=fpv4-sp-d16 -mfloat-abi=hard -mthumb -o "Src/main.o"
../Src/main.c:22:4: warning: #warning "FPU is not initialized, but the project is compiling for an FPU. Please initialize the FPU before use." [-Wcpp]
   22 |   #warning "FPU is not initialized, but the project is compiling for an FPU. Please initialize the FPU before use."
      |    ^~~~~~~
../Src/main.c: In function 'main':
../Src/main.c:59:18: warning: unused variable 'result4' [-Wunused-variable]
   59 |         uint32_t result4 = Multiply (10,20);
      |                  ^~~~~~~
../Src/main.c:58:18: warning: unused variable 'result3' [-Wunused-variable]
   58 |         uint32_t result3 = Division (600,20);
      |                  ^~~~~~~
../Src/main.c:57:18: warning: unused variable 'result2' [-Wunused-variable]
   57 |         uint32_t result2 = Subtraction (10,-20);
      |                  ^~~~~~~
../Src/main.c:56:18: warning: unused variable 'result1' [-Wunused-variable]
   56 |         uint32_t result1= Addition (10,20);
      |                  ^~~~~~~
arm-none-eabi-gcc -o "SVC_OpcodeFetch.elf" @"objects.list"   -mcpu=cortex-m4 -T"D:\Training\STM32\STM32_workspace\SVC_OpcodeFetch\STM32F407VGTX_FLASH.ld" --specs=nosys.specs -Wl,-Map="SVC_OpcodeFetch.map" -Wl,--gc-sections -static --specs=nano.specs -mfpu=fpv4-sp-d16 -mfloat-abi=hard -mthumb -Wl,--start-group -lc -lm -Wl,--end-group
Finished building target: SVC_OpcodeFetch.elf
 
arm-none-eabi-size  SVC_OpcodeFetch.elf 
arm-none-eabi-objdump -h -S SVC_OpcodeFetch.elf  > "SVC_OpcodeFetch.list"
   text	   data	    bss	    dec	    hex	filename
   5504	     92	   1900	   7496	   1d48	SVC_OpcodeFetch.elf
Finished building: default.size.stdout
 
Finished building: SVC_OpcodeFetch.list
 
20:37:57 **** Incremental Build of configuration Debug for project SVC_OpcodeFetch ****
make -j8 all 
arm-none-eabi-gcc "../Src/main.c" -mcpu=cortex-m4 -std=gnu11 -g3 -DDEBUG -DSTM32 -DSTM32F4 -DSTM32F407VGTx -c -I../Inc -O0 -ffunction-sections -fdata-sections -Wall -fstack-usage -fcyclomatic-complexity -MMD -MP -MF"Src/main.d" -MT"Src/main.o" --specs=nano.specs -mfpu=fpv4-sp-d16 -mfloat-abi=hard -mthumb -o "Src/main.o"
../Src/main.c:22:4: warning: #warning "FPU is not initialized, but the project is compiling for an FPU. Please initialize the FPU before use." [-Wcpp]
   22 |   #warning "FPU is not initialized, but the project is compiling for an FPU. Please initialize the FPU before use."
      |    ^~~~~~~
arm-none-eabi-gcc -o "SVC_OpcodeFetch.elf" @"objects.list"   -mcpu=cortex-m4 -T"D:\Training\STM32\STM32_workspace\SVC_OpcodeFetch\STM32F407VGTX_FLASH.ld" --specs=nosys.specs -Wl,-Map="SVC_OpcodeFetch.map" -Wl,--gc-sections -static --specs=nano.specs -mfpu=fpv4-sp-d16 -mfloat-abi=hard -mthumb -Wl,--start-group -lc -lm -Wl,--end-group
Finished building target: SVC_OpcodeFetch.elf
 
arm-none-eabi-size  SVC_OpcodeFetch.elf 
arm-none-eabi-objdump -h -S SVC_OpcodeFetch.elf  > "SVC_OpcodeFetch.list"
   text	   data	    bss	    dec	    hex	filename
   5620	     92	   1900	   7612	   1dbc	SVC_OpcodeFetch.elf
Finished building: default.size.stdout
 
Finished building: SVC_OpcodeFetch.list
 
20:44:46 **** Build of configuration Debug for project SVC_Calculator ****
make -j8 all 
arm-none-eabi-gcc -mcpu=cortex-m4 -g3 -DDEBUG -c -x assembler-with-cpp -MMD -MP -MF"Startup/startup_stm32f407vgtx.d" -MT"Startup/startup_stm32f407vgtx.o" --specs=nano.specs -mfpu=fpv4-sp-d16 -mfloat-abi=hard -mthumb -o "Startup/startup_stm32f407vgtx.o" "../Startup/startup_stm32f407vgtx.s"
arm-none-eabi-gcc "../Src/main.c" -mcpu=cortex-m4 -std=gnu11 -g3 -DDEBUG -DSTM32 -DSTM32F407G_DISC1 -DSTM32F4 -DSTM32F407VGTx -c -I../Inc -O0 -ffunction-sections -fdata-sections -Wall -fstack-usage -fcyclomatic-complexity -MMD -MP -MF"Src/main.d" -MT"Src/main.o" --specs=nano.specs -mfpu=fpv4-sp-d16 -mfloat-abi=hard -mthumb -o "Src/main.o"
arm-none-eabi-gcc "../Src/syscalls.c" -mcpu=cortex-m4 -std=gnu11 -g3 -DDEBUG -DSTM32 -DSTM32F407G_DISC1 -DSTM32F4 -DSTM32F407VGTx -c -I../Inc -O0 -ffunction-sections -fdata-sections -Wall -fstack-usage -fcyclomatic-complexity -MMD -MP -MF"Src/syscalls.d" -MT"Src/syscalls.o" --specs=nano.specs -mfpu=fpv4-sp-d16 -mfloat-abi=hard -mthumb -o "Src/syscalls.o"
arm-none-eabi-gcc "../Src/sysmem.c" -mcpu=cortex-m4 -std=gnu11 -g3 -DDEBUG -DSTM32 -DSTM32F407G_DISC1 -DSTM32F4 -DSTM32F407VGTx -c -I../Inc -O0 -ffunction-sections -fdata-sections -Wall -fstack-usage -fcyclomatic-complexity -MMD -MP -MF"Src/sysmem.d" -MT"Src/sysmem.o" --specs=nano.specs -mfpu=fpv4-sp-d16 -mfloat-abi=hard -mthumb -o "Src/sysmem.o"
../Src/main.c:22:4: warning: #warning "FPU is not initialized, but the project is compiling for an FPU. Please initialize the FPU before use." [-Wcpp]
   22 |   #warning "FPU is not initialized, but the project is compiling for an FPU. Please initialize the FPU before use."
      |    ^~~~~~~
arm-none-eabi-gcc -o "SVC_Calculator.elf" @"objects.list"   -mcpu=cortex-m4 -T"D:\Training\STM32\STM32_workspace\SVC_Calculator\STM32F407VGTX_FLASH.ld" --specs=nosys.specs -Wl,-Map="SVC_Calculator.map" -Wl,--gc-sections -static --specs=nano.specs -mfpu=fpv4-sp-d16 -mfloat-abi=hard -mthumb -Wl,--start-group -lc -lm -Wl,--end-group
Finished building target: SVC_Calculator.elf
 
arm-none-eabi-size  SVC_Calculator.elf 
arm-none-eabi-objdump -h -S SVC_Calculator.elf  > "SVC_Calculator.list"
   text	   data	    bss	    dec	    hex	filename
   5620	     92	   1900	   7612	   1dbc	SVC_Calculator.elf
Finished building: default.size.stdout
 
Finished building: SVC_Calculator.list
 
20:44:55 **** Incremental Build of configuration Debug for project SVC_Calculator ****
make -j8 all 
arm-none-eabi-size  SVC_Calculator.elf 
   text	   data	    bss	    dec	    hex	filename
   5620	     92	   1900	   7612	   1dbc	SVC_Calculator.elf
Finished building: default.size.stdout
 
20:45:18 **** Incremental Build of configuration Debug for project SVC_Calculator ****
make -j8 all 
arm-none-eabi-size  SVC_Calculator.elf 
   text	   data	    bss	    dec	    hex	filename
   5620	     92	   1900	   7612	   1dbc	SVC_Calculator.elf
Finished building: default.size.stdout
 
