17:52:59 **** Incremental Build of configuration Debug for project Hello_world ****
make -j8 all 
arm-none-eabi-gcc -mcpu=cortex-m4 -g3 -DDEBUG -c -x assembler-with-cpp -MMD -MP -MF"Startup/startup_stm32f407vgtx.d" -MT"Startup/startup_stm32f407vgtx.o" --specs=nano.specs -mfloat-abi=soft -mthumb -o "Startup/startup_stm32f407vgtx.o" "../Startup/startup_stm32f407vgtx.s"
arm-none-eabi-gcc "../Src/main.c" -mcpu=cortex-m4 -std=gnu11 -g3 -DDEBUG -DSTM32 -DSTM32F407G_DISC1 -DSTM32F4 -DSTM32F407VGTx -c -I../Inc -O0 -ffunction-sections -fdata-sections -Wall -fstack-usage -fcyclomatic-complexity -MMD -MP -MF"Src/main.d" -MT"Src/main.o" --specs=nano.specs -mfloat-abi=soft -mthumb -o "Src/main.o"
arm-none-eabi-gcc "../Src/syscalls.c" -mcpu=cortex-m4 -std=gnu11 -g3 -DDEBUG -DSTM32 -DSTM32F407G_DISC1 -DSTM32F4 -DSTM32F407VGTx -c -I../Inc -O0 -ffunction-sections -fdata-sections -Wall -fstack-usage -fcyclomatic-complexity -MMD -MP -MF"Src/syscalls.d" -MT"Src/syscalls.o" --specs=nano.specs -mfloat-abi=soft -mthumb -o "Src/syscalls.o"
arm-none-eabi-gcc "../Src/sysmem.c" -mcpu=cortex-m4 -std=gnu11 -g3 -DDEBUG -DSTM32 -DSTM32F407G_DISC1 -DSTM32F4 -DSTM32F407VGTx -c -I../Inc -O0 -ffunction-sections -fdata-sections -Wall -fstack-usage -fcyclomatic-complexity -MMD -MP -MF"Src/sysmem.d" -MT"Src/sysmem.o" --specs=nano.specs -mfloat-abi=soft -mthumb -o "Src/sysmem.o"
arm-none-eabi-gcc -o "Hello_world.elf" @"objects.list"   -mcpu=cortex-m4 -T"D:\Training\STM32\STM32_workspace\Hello_world\STM32F407VGTX_FLASH.ld" --specs=nosys.specs -Wl,-Map="Hello_world.map" -Wl,--gc-sections -static --specs=nano.specs -mfloat-abi=soft -mthumb -Wl,--start-group -lc -lm -Wl,--end-group
Finished building target: Hello_world.elf
 
arm-none-eabi-size  Hello_world.elf 
arm-none-eabi-objdump -h -S Hello_world.elf  > "Hello_world.list"
   text	   data	    bss	    dec	    hex	filename
    652	      0	   1568	   2220	    8ac	Hello_world.elf
Finished building: default.size.stdout
 
Finished building: Hello_world.list
 
17:56:05 **** Incremental Build of configuration Debug for project Hello_world ****
make -j8 all 
arm-none-eabi-size  Hello_world.elf 
   text	   data	    bss	    dec	    hex	filename
    652	      0	   1568	   2220	    8ac	Hello_world.elf
Finished building: default.size.stdout
 
16:26:45 **** Incremental Build of configuration Debug for project Hello_world ****
make -j8 all 
arm-none-eabi-gcc "../Src/main.c" -mcpu=cortex-m4 -std=gnu11 -g3 -DDEBUG -DSTM32 -DSTM32F407G_DISC1 -DSTM32F4 -DSTM32F407VGTx -c -I../Inc -O0 -ffunction-sections -fdata-sections -Wall -fstack-usage -fcyclomatic-complexity -MMD -MP -MF"Src/main.d" -MT"Src/main.o" --specs=nano.specs -mfloat-abi=soft -mthumb -o "Src/main.o"
arm-none-eabi-gcc -o "Hello_world.elf" @"objects.list"   -mcpu=cortex-m4 -T"D:\Training\STM32\STM32_workspace\Hello_world\STM32F407VGTX_FLASH.ld" --specs=nosys.specs -Wl,-Map="Hello_world.map" -Wl,--gc-sections -static --specs=nano.specs -mfloat-abi=soft -mthumb -Wl,--start-group -lc -lm -Wl,--end-group
Finished building target: Hello_world.elf
 
arm-none-eabi-size  Hello_world.elf 
arm-none-eabi-objdump -h -S Hello_world.elf  > "Hello_world.list"
   text	   data	    bss	    dec	    hex	filename
   4808	     92	   1900	   6800	   1a90	Hello_world.elf
Finished building: default.size.stdout
 
Finished building: Hello_world.list
 
16:48:44 **** Incremental Build of configuration Debug for project Hello_world ****
make -j8 all 
arm-none-eabi-gcc "../Src/syscalls.c" -mcpu=cortex-m4 -std=gnu11 -g3 -DDEBUG -DSTM32 -DSTM32F407G_DISC1 -DSTM32F4 -DSTM32F407VGTx -c -I../Inc -O0 -ffunction-sections -fdata-sections -Wall -fstack-usage -fcyclomatic-complexity -MMD -MP -MF"Src/syscalls.d" -MT"Src/syscalls.o" --specs=nano.specs -mfloat-abi=soft -mthumb -o "Src/syscalls.o"
arm-none-eabi-gcc -o "Hello_world.elf" @"objects.list"   -mcpu=cortex-m4 -T"D:\Training\STM32\STM32_workspace\Hello_world\STM32F407VGTX_FLASH.ld" --specs=nosys.specs -Wl,-Map="Hello_world.map" -Wl,--gc-sections -static --specs=nano.specs -mfloat-abi=soft -mthumb -Wl,--start-group -lc -lm -Wl,--end-group
Finished building target: Hello_world.elf
 
arm-none-eabi-size  Hello_world.elf 
arm-none-eabi-objdump -h -S Hello_world.elf  > "Hello_world.list"
   text	   data	    bss	    dec	    hex	filename
   4884	     92	   1900	   6876	   1adc	Hello_world.elf
Finished building: default.size.stdout
 
Finished building: Hello_world.list
 
16:50:06 **** Incremental Build of configuration Debug for project Hello_world ****
make -j8 all 
arm-none-eabi-size  Hello_world.elf 
   text	   data	    bss	    dec	    hex	filename
   4884	     92	   1900	   6876	   1adc	Hello_world.elf
Finished building: default.size.stdout
 
16:52:11 **** Incremental Build of configuration Debug for project Hello_world ****
make -j8 all 
arm-none-eabi-size  Hello_world.elf 
   text	   data	    bss	    dec	    hex	filename
   4884	     92	   1900	   6876	   1adc	Hello_world.elf
Finished building: default.size.stdout
 
16:52:37 **** Incremental Build of configuration Debug for project Hello_world ****
make -j8 all 
arm-none-eabi-size  Hello_world.elf 
   text	   data	    bss	    dec	    hex	filename
   4884	     92	   1900	   6876	   1adc	Hello_world.elf
Finished building: default.size.stdout
 
16:52:40 **** Incremental Build of configuration Debug for project Hello_world ****
make -j8 all 
arm-none-eabi-size  Hello_world.elf 
   text	   data	    bss	    dec	    hex	filename
   4884	     92	   1900	   6876	   1adc	Hello_world.elf
Finished building: default.size.stdout
 
16:53:22 **** Incremental Build of configuration Debug for project Hello_world ****
make -j8 all 
arm-none-eabi-size  Hello_world.elf 
   text	   data	    bss	    dec	    hex	filename
   4884	     92	   1900	   6876	   1adc	Hello_world.elf
Finished building: default.size.stdout
 
16:58:05 **** Incremental Build of configuration Debug for project Hello_world ****
make -j8 all 
arm-none-eabi-size  Hello_world.elf 
   text	   data	    bss	    dec	    hex	filename
   4884	     92	   1900	   6876	   1adc	Hello_world.elf
Finished building: default.size.stdout
 
16:58:11 **** Clean-only build of configuration Debug for project Hello_world ****
make -j8 clean 
rm -rf ./Startup/startup_stm32f407vgtx.d ./Startup/startup_stm32f407vgtx.o
rm -rf ./Src/main.cyclo ./Src/main.d ./Src/main.o ./Src/main.su ./Src/syscalls.cyclo ./Src/syscalls.d ./Src/syscalls.o ./Src/syscalls.su ./Src/sysmem.cyclo ./Src/sysmem.d ./Src/sysmem.o ./Src/sysmem.su
rm -rf Hello_world.elf Hello_world.list Hello_world.map default.size.stdout
rm: can't remove 'Hello_world.elf': Permission denied
make: [makefile:79: clean] Error 1 (ignored)
 
16:58:11 **** Build of configuration Debug for project Hello_world ****
make -j8 all 
arm-none-eabi-gcc -mcpu=cortex-m4 -g3 -DDEBUG -c -x assembler-with-cpp -MMD -MP -MF"Startup/startup_stm32f407vgtx.d" -MT"Startup/startup_stm32f407vgtx.o" --specs=nano.specs -mfloat-abi=soft -mthumb -o "Startup/startup_stm32f407vgtx.o" "../Startup/startup_stm32f407vgtx.s"
arm-none-eabi-gcc "../Src/main.c" -mcpu=cortex-m4 -std=gnu11 -g3 -DDEBUG -DSTM32 -DSTM32F407G_DISC1 -DSTM32F4 -DSTM32F407VGTx -c -I../Inc -O0 -ffunction-sections -fdata-sections -Wall -fstack-usage -fcyclomatic-complexity -MMD -MP -MF"Src/main.d" -MT"Src/main.o" --specs=nano.specs -mfloat-abi=soft -mthumb -o "Src/main.o"
arm-none-eabi-gcc "../Src/syscalls.c" -mcpu=cortex-m4 -std=gnu11 -g3 -DDEBUG -DSTM32 -DSTM32F407G_DISC1 -DSTM32F4 -DSTM32F407VGTx -c -I../Inc -O0 -ffunction-sections -fdata-sections -Wall -fstack-usage -fcyclomatic-complexity -MMD -MP -MF"Src/syscalls.d" -MT"Src/syscalls.o" --specs=nano.specs -mfloat-abi=soft -mthumb -o "Src/syscalls.o"
arm-none-eabi-gcc "../Src/sysmem.c" -mcpu=cortex-m4 -std=gnu11 -g3 -DDEBUG -DSTM32 -DSTM32F407G_DISC1 -DSTM32F4 -DSTM32F407VGTx -c -I../Inc -O0 -ffunction-sections -fdata-sections -Wall -fstack-usage -fcyclomatic-complexity -MMD -MP -MF"Src/sysmem.d" -MT"Src/sysmem.o" --specs=nano.specs -mfloat-abi=soft -mthumb -o "Src/sysmem.o"
arm-none-eabi-gcc -o "Hello_world.elf" @"objects.list"   -mcpu=cortex-m4 -T"D:\Training\STM32\STM32_workspace\Hello_world\STM32F407VGTX_FLASH.ld" --specs=nosys.specs -Wl,-Map="Hello_world.map" -Wl,--gc-sections -static --specs=nano.specs -mfloat-abi=soft -mthumb -Wl,--start-group -lc -lm -Wl,--end-group
Finished building target: Hello_world.elf
 
arm-none-eabi-size  Hello_world.elf 
arm-none-eabi-objdump -h -S Hello_world.elf  > "Hello_world.list"
   text	   data	    bss	    dec	    hex	filename
   4884	     92	   1900	   6876	   1adc	Hello_world.elf
Finished building: default.size.stdout
 
Finished building: Hello_world.list
 
16:58:16 **** Incremental Build of configuration Debug for project Hello_world ****
make -j8 all 
arm-none-eabi-size  Hello_world.elf 
   text	   data	    bss	    dec	    hex	filename
   4884	     92	   1900	   6876	   1adc	Hello_world.elf
Finished building: default.size.stdout
 
16:58:22 **** Incremental Build of configuration Debug for project Hello_world ****
make -j8 all 
arm-none-eabi-size  Hello_world.elf 
   text	   data	    bss	    dec	    hex	filename
   4884	     92	   1900	   6876	   1adc	Hello_world.elf
Finished building: default.size.stdout
 
16:58:54 **** Incremental Build of configuration Debug for project Hello_world ****
make -j8 all 
arm-none-eabi-size  Hello_world.elf 
   text	   data	    bss	    dec	    hex	filename
   4884	     92	   1900	   6876	   1adc	Hello_world.elf
Finished building: default.size.stdout
 
16:59:32 **** Incremental Build of configuration Debug for project Hello_world ****
make -j8 all 
arm-none-eabi-size  Hello_world.elf 
   text	   data	    bss	    dec	    hex	filename
   4884	     92	   1900	   6876	   1adc	Hello_world.elf
Finished building: default.size.stdout
 
17:00:15 **** Incremental Build of configuration Debug for project Hello_world ****
make -j8 all 
arm-none-eabi-size  Hello_world.elf 
   text	   data	    bss	    dec	    hex	filename
   4884	     92	   1900	   6876	   1adc	Hello_world.elf
Finished building: default.size.stdout
 
17:01:45 **** Incremental Build of configuration Debug for project Hello_world ****
make -j8 all 
arm-none-eabi-size  Hello_world.elf 
   text	   data	    bss	    dec	    hex	filename
   4884	     92	   1900	   6876	   1adc	Hello_world.elf
Finished building: default.size.stdout
 
17:02:17 **** Incremental Build of configuration Debug for project Hello_world ****
make -j8 all 
arm-none-eabi-size  Hello_world.elf 
   text	   data	    bss	    dec	    hex	filename
   4884	     92	   1900	   6876	   1adc	Hello_world.elf
Finished building: default.size.stdout
 
17:03:40 **** Incremental Build of configuration Debug for project Hello_world ****
make -j8 all 
arm-none-eabi-size  Hello_world.elf 
   text	   data	    bss	    dec	    hex	filename
   4884	     92	   1900	   6876	   1adc	Hello_world.elf
Finished building: default.size.stdout
 
17:08:35 **** Incremental Build of configuration Debug for project Hello_world ****
make -j8 all 
arm-none-eabi-gcc "../Src/main.c" -mcpu=cortex-m4 -std=gnu11 -g3 -DDEBUG -DSTM32 -DSTM32F407G_DISC1 -DSTM32F4 -DSTM32F407VGTx -c -I../Inc -O0 -ffunction-sections -fdata-sections -Wall -fstack-usage -fcyclomatic-complexity -MMD -MP -MF"Src/main.d" -MT"Src/main.o" --specs=nano.specs -mfloat-abi=soft -mthumb -o "Src/main.o"
arm-none-eabi-gcc -o "Hello_world.elf" @"objects.list"   -mcpu=cortex-m4 -T"D:\Training\STM32\STM32_workspace\Hello_world\STM32F407VGTX_FLASH.ld" --specs=nosys.specs -Wl,-Map="Hello_world.map" -Wl,--gc-sections -static --specs=nano.specs -mfloat-abi=soft -mthumb -Wl,--start-group -lc -lm -Wl,--end-group
Finished building target: Hello_world.elf
 
arm-none-eabi-size  Hello_world.elf 
arm-none-eabi-objdump -h -S Hello_world.elf  > "Hello_world.list"
   text	   data	    bss	    dec	    hex	filename
   3384	     92	   1900	   5376	   1500	Hello_world.elf
Finished building: default.size.stdout
 
Finished building: Hello_world.list
 
17:08:41 **** Incremental Build of configuration Debug for project Hello_world ****
make -j8 all 
arm-none-eabi-size  Hello_world.elf 
   text	   data	    bss	    dec	    hex	filename
   3384	     92	   1900	   5376	   1500	Hello_world.elf
Finished building: default.size.stdout
 
17:09:52 **** Incremental Build of configuration Debug for project Hello_world ****
make -j8 all 
arm-none-eabi-size  Hello_world.elf 
   text	   data	    bss	    dec	    hex	filename
   3384	     92	   1900	   5376	   1500	Hello_world.elf
Finished building: default.size.stdout
 
17:16:32 **** Incremental Build of configuration Debug for project Hello_world ****
make -j8 all 
arm-none-eabi-gcc "../Src/main.c" -mcpu=cortex-m4 -std=gnu11 -g3 -DDEBUG -DSTM32 -DSTM32F407G_DISC1 -DSTM32F4 -DSTM32F407VGTx -c -I../Inc -O0 -ffunction-sections -fdata-sections -Wall -fstack-usage -fcyclomatic-complexity -MMD -MP -MF"Src/main.d" -MT"Src/main.o" --specs=nano.specs -mfloat-abi=soft -mthumb -o "Src/main.o"
arm-none-eabi-gcc -o "Hello_world.elf" @"objects.list"   -mcpu=cortex-m4 -T"D:\Training\STM32\STM32_workspace\Hello_world\STM32F407VGTX_FLASH.ld" --specs=nosys.specs -Wl,-Map="Hello_world.map" -Wl,--gc-sections -static --specs=nano.specs -mfloat-abi=soft -mthumb -Wl,--start-group -lc -lm -Wl,--end-group
Finished building target: Hello_world.elf
 
arm-none-eabi-size  Hello_world.elf 
arm-none-eabi-objdump -h -S Hello_world.elf  > "Hello_world.list"
   text	   data	    bss	    dec	    hex	filename
   3400	     92	   1900	   5392	   1510	Hello_world.elf
Finished building: default.size.stdout
 
Finished building: Hello_world.list
 
17:17:31 **** Incremental Build of configuration Debug for project Hello_world ****
make -j8 all 
arm-none-eabi-size  Hello_world.elf 
   text	   data	    bss	    dec	    hex	filename
   3400	     92	   1900	   5392	   1510	Hello_world.elf
Finished building: default.size.stdout
 
15:58:17 **** Build of configuration Debug for project Inline Assembly ****
make -j8 all 
arm-none-eabi-gcc -mcpu=cortex-m4 -g3 -DDEBUG -c -x assembler-with-cpp -MMD -MP -MF"Startup/startup_stm32f407vgtx.d" -MT"Startup/startup_stm32f407vgtx.o" --specs=nano.specs -mfpu=fpv4-sp-d16 -mfloat-abi=hard -mthumb -o "Startup/startup_stm32f407vgtx.o" "../Startup/startup_stm32f407vgtx.s"
arm-none-eabi-gcc "../Src/main.c" -mcpu=cortex-m4 -std=gnu11 -g3 -DDEBUG -DSTM32 -DSTM32F407G_DISC1 -DSTM32F4 -DSTM32F407VGTx -c -I../Inc -O0 -ffunction-sections -fdata-sections -Wall -fstack-usage -fcyclomatic-complexity -MMD -MP -MF"Src/main.d" -MT"Src/main.o" --specs=nano.specs -mfpu=fpv4-sp-d16 -mfloat-abi=hard -mthumb -o "Src/main.o"
arm-none-eabi-gcc "../Src/syscalls.c" -mcpu=cortex-m4 -std=gnu11 -g3 -DDEBUG -DSTM32 -DSTM32F407G_DISC1 -DSTM32F4 -DSTM32F407VGTx -c -I../Inc -O0 -ffunction-sections -fdata-sections -Wall -fstack-usage -fcyclomatic-complexity -MMD -MP -MF"Src/syscalls.d" -MT"Src/syscalls.o" --specs=nano.specs -mfpu=fpv4-sp-d16 -mfloat-abi=hard -mthumb -o "Src/syscalls.o"
arm-none-eabi-gcc "../Src/sysmem.c" -mcpu=cortex-m4 -std=gnu11 -g3 -DDEBUG -DSTM32 -DSTM32F407G_DISC1 -DSTM32F4 -DSTM32F407VGTx -c -I../Inc -O0 -ffunction-sections -fdata-sections -Wall -fstack-usage -fcyclomatic-complexity -MMD -MP -MF"Src/sysmem.d" -MT"Src/sysmem.o" --specs=nano.specs -mfpu=fpv4-sp-d16 -mfloat-abi=hard -mthumb -o "Src/sysmem.o"
../Src/main.c:22:4: warning: #warning "FPU is not initialized, but the project is compiling for an FPU. Please initialize the FPU before use." [-Wcpp]
   22 |   #warning "FPU is not initialized, but the project is compiling for an FPU. Please initialize the FPU before use."
      |    ^~~~~~~
arm-none-eabi-gcc -o "Inline Assembly.elf" @"objects.list"   -mcpu=cortex-m4 -T"D:\Training\STM32\STM32_workspace\Inline Assembly\STM32F407VGTX_FLASH.ld" --specs=nosys.specs -Wl,-Map="Inline Assembly.map" -Wl,--gc-sections -static --specs=nano.specs -mfpu=fpv4-sp-d16 -mfloat-abi=hard -mthumb -Wl,--start-group -lc -lm -Wl,--end-group
Finished building target: Inline Assembly.elf
 
arm-none-eabi-size  Inline\ Assembly.elf 
arm-none-eabi-objdump -h -S Inline\ Assembly.elf  > "Inline Assembly.list"
   text	   data	    bss	    dec	    hex	filename
    672	      0	   1568	   2240	    8c0	Inline Assembly.elf
Finished building: default.size.stdout
 
Finished building: Inline Assembly.list
 
15:59:30 **** Incremental Build of configuration Debug for project Inline Assembly ****
make -j8 all 
arm-none-eabi-size  Inline\ Assembly.elf 
   text	   data	    bss	    dec	    hex	filename
    672	      0	   1568	   2240	    8c0	Inline Assembly.elf
Finished building: default.size.stdout
 
16:02:39 **** Incremental Build of configuration Debug for project Inline Assembly ****
make -j8 all 
arm-none-eabi-gcc "../Src/main.c" -mcpu=cortex-m4 -std=gnu11 -g3 -DDEBUG -DSTM32 -DSTM32F407G_DISC1 -DSTM32F4 -DSTM32F407VGTx -c -I../Inc -O0 -ffunction-sections -fdata-sections -Wall -fstack-usage -fcyclomatic-complexity -MMD -MP -MF"Src/main.d" -MT"Src/main.o" --specs=nano.specs -mfpu=fpv4-sp-d16 -mfloat-abi=hard -mthumb -o "Src/main.o"
../Src/main.c:22:4: warning: #warning "FPU is not initialized, but the project is compiling for an FPU. Please initialize the FPU before use." [-Wcpp]
   22 |   #warning "FPU is not initialized, but the project is compiling for an FPU. Please initialize the FPU before use."
      |    ^~~~~~~
arm-none-eabi-gcc -o "Inline Assembly.elf" @"objects.list"   -mcpu=cortex-m4 -T"D:\Training\STM32\STM32_workspace\Inline Assembly\STM32F407VGTX_FLASH.ld" --specs=nosys.specs -Wl,-Map="Inline Assembly.map" -Wl,--gc-sections -static --specs=nano.specs -mfpu=fpv4-sp-d16 -mfloat-abi=hard -mthumb -Wl,--start-group -lc -lm -Wl,--end-group
Finished building target: Inline Assembly.elf
 
arm-none-eabi-size  Inline\ Assembly.elf 
arm-none-eabi-objdump -h -S Inline\ Assembly.elf  > "Inline Assembly.list"
   text	   data	    bss	    dec	    hex	filename
    672	      0	   1568	   2240	    8c0	Inline Assembly.elf
Finished building: default.size.stdout
 
Finished building: Inline Assembly.list
 
16:02:45 **** Incremental Build of configuration Debug for project Inline Assembly ****
make -j8 all 
arm-none-eabi-size  Inline\ Assembly.elf 
   text	   data	    bss	    dec	    hex	filename
    672	      0	   1568	   2240	    8c0	Inline Assembly.elf
Finished building: default.size.stdout
 
15:16:33 **** Build of configuration Debug for project Bit_band_exercise ****
make -j8 all 
arm-none-eabi-gcc -mcpu=cortex-m4 -g3 -DDEBUG -c -x assembler-with-cpp -MMD -MP -MF"Startup/startup_stm32f407vgtx.d" -MT"Startup/startup_stm32f407vgtx.o" --specs=nano.specs -mfpu=fpv4-sp-d16 -mfloat-abi=hard -mthumb -o "Startup/startup_stm32f407vgtx.o" "../Startup/startup_stm32f407vgtx.s"
arm-none-eabi-gcc "../Src/main.c" -mcpu=cortex-m4 -std=gnu11 -g3 -DDEBUG -DSTM32 -DSTM32F407G_DISC1 -DSTM32F4 -DSTM32F407VGTx -c -I../Inc -O0 -ffunction-sections -fdata-sections -Wall -fstack-usage -fcyclomatic-complexity -MMD -MP -MF"Src/main.d" -MT"Src/main.o" --specs=nano.specs -mfpu=fpv4-sp-d16 -mfloat-abi=hard -mthumb -o "Src/main.o"
arm-none-eabi-gcc "../Src/syscalls.c" -mcpu=cortex-m4 -std=gnu11 -g3 -DDEBUG -DSTM32 -DSTM32F407G_DISC1 -DSTM32F4 -DSTM32F407VGTx -c -I../Inc -O0 -ffunction-sections -fdata-sections -Wall -fstack-usage -fcyclomatic-complexity -MMD -MP -MF"Src/syscalls.d" -MT"Src/syscalls.o" --specs=nano.specs -mfpu=fpv4-sp-d16 -mfloat-abi=hard -mthumb -o "Src/syscalls.o"
arm-none-eabi-gcc "../Src/sysmem.c" -mcpu=cortex-m4 -std=gnu11 -g3 -DDEBUG -DSTM32 -DSTM32F407G_DISC1 -DSTM32F4 -DSTM32F407VGTx -c -I../Inc -O0 -ffunction-sections -fdata-sections -Wall -fstack-usage -fcyclomatic-complexity -MMD -MP -MF"Src/sysmem.d" -MT"Src/sysmem.o" --specs=nano.specs -mfpu=fpv4-sp-d16 -mfloat-abi=hard -mthumb -o "Src/sysmem.o"
../Src/main.c:23:4: warning: #warning "FPU is not initialized, but the project is compiling for an FPU. Please initialize the FPU before use." [-Wcpp]
   23 |   #warning "FPU is not initialized, but the project is compiling for an FPU. Please initialize the FPU before use."
      |    ^~~~~~~
../Src/main.c: In function 'main':
../Src/main.c:34:53: error: invalid operands to binary * (have 'int' and 'uint8_t *' {aka 'unsigned char *'})
   34 |     int *bit_band_alias = (BIT_ALIAS_BASE_ADDR + (32* (ptr - BIT_BASE_ADDR)) + (7 * 4) );
      |                                                     ^ ~~~~~~~~~~~~~~~~~~~~~
      |                                                            |
      |                                                            uint8_t * {aka unsigned char *}
../Src/main.c:35:6: error: 'bit_band_aliase' undeclared (first use in this function); did you mean 'bit_band_alias'?
   35 |     *bit_band_aliase = 1;
      |      ^~~~~~~~~~~~~~~
      |      bit_band_alias
../Src/main.c:35:6: note: each undeclared identifier is reported only once for each function it appears in
../Src/main.c:34:10: warning: unused variable 'bit_band_alias' [-Wunused-variable]
   34 |     int *bit_band_alias = (BIT_ALIAS_BASE_ADDR + (32* (ptr - BIT_BASE_ADDR)) + (7 * 4) );
      |          ^~~~~~~~~~~~~~
make: *** [Src/subdir.mk:25: Src/main.o] Error 1
make: *** Waiting for unfinished jobs....
"make -j8 all" terminated with exit code 2. Build might be incomplete.
15:16:44 **** Incremental Build of configuration Debug for project Bit_band_exercise ****
make -j8 all 
arm-none-eabi-gcc "../Src/main.c" -mcpu=cortex-m4 -std=gnu11 -g3 -DDEBUG -DSTM32 -DSTM32F407G_DISC1 -DSTM32F4 -DSTM32F407VGTx -c -I../Inc -O0 -ffunction-sections -fdata-sections -Wall -fstack-usage -fcyclomatic-complexity -MMD -MP -MF"Src/main.d" -MT"Src/main.o" --specs=nano.specs -mfpu=fpv4-sp-d16 -mfloat-abi=hard -mthumb -o "Src/main.o"
../Src/main.c:23:4: warning: #warning "FPU is not initialized, but the project is compiling for an FPU. Please initialize the FPU before use." [-Wcpp]
   23 |   #warning "FPU is not initialized, but the project is compiling for an FPU. Please initialize the FPU before use."
      |    ^~~~~~~
../Src/main.c: In function 'main':
../Src/main.c:34:53: error: invalid operands to binary * (have 'int' and 'uint8_t *' {aka 'unsigned char *'})
   34 |     int *bit_band_alias = (BIT_ALIAS_BASE_ADDR + (32* (ptr - BIT_BASE_ADDR)) + (7 * 4) );
      |                                                     ^ ~~~~~~~~~~~~~~~~~~~~~
      |                                                            |
      |                                                            uint8_t * {aka unsigned char *}
make: *** [Src/subdir.mk:25: Src/main.o] Error 1
"make -j8 all" terminated with exit code 2. Build might be incomplete.
15:17:43 **** Incremental Build of configuration Debug for project Bit_band_exercise ****
make -j8 all 
arm-none-eabi-gcc "../Src/main.c" -mcpu=cortex-m4 -std=gnu11 -g3 -DDEBUG -DSTM32 -DSTM32F407G_DISC1 -DSTM32F4 -DSTM32F407VGTx -c -I../Inc -O0 -ffunction-sections -fdata-sections -Wall -fstack-usage -fcyclomatic-complexity -MMD -MP -MF"Src/main.d" -MT"Src/main.o" --specs=nano.specs -mfpu=fpv4-sp-d16 -mfloat-abi=hard -mthumb -o "Src/main.o"
../Src/main.c:23:4: warning: #warning "FPU is not initialized, but the project is compiling for an FPU. Please initialize the FPU before use." [-Wcpp]
   23 |   #warning "FPU is not initialized, but the project is compiling for an FPU. Please initialize the FPU before use."
      |    ^~~~~~~
../Src/main.c: In function 'main':
../Src/main.c:34:27: warning: initialization of 'int *' from 'int' makes pointer from integer without a cast [-Wint-conversion]
   34 |     int *bit_band_alias = (BIT_ALIAS_BASE_ADDR + (32* (0x20000200 - BIT_BASE_ADDR)) + (7 * 4) );
      |                           ^
arm-none-eabi-gcc -o "Bit_band_exercise.elf" @"objects.list"   -mcpu=cortex-m4 -T"D:\Training\STM32\STM32_workspace\Bit_band_exercise\STM32F407VGTX_FLASH.ld" --specs=nosys.specs -Wl,-Map="Bit_band_exercise.map" -Wl,--gc-sections -static --specs=nano.specs -mfpu=fpv4-sp-d16 -mfloat-abi=hard -mthumb -Wl,--start-group -lc -lm -Wl,--end-group
Finished building target: Bit_band_exercise.elf
 
arm-none-eabi-size  Bit_band_exercise.elf 
arm-none-eabi-objdump -h -S Bit_band_exercise.elf  > "Bit_band_exercise.list"
   text	   data	    bss	    dec	    hex	filename
    704	      0	   1568	   2272	    8e0	Bit_band_exercise.elf
Finished building: default.size.stdout
 
Finished building: Bit_band_exercise.list
 
15:18:24 **** Incremental Build of configuration Debug for project Bit_band_exercise ****
make -j8 all 
arm-none-eabi-gcc "../Src/main.c" -mcpu=cortex-m4 -std=gnu11 -g3 -DDEBUG -DSTM32 -DSTM32F407G_DISC1 -DSTM32F4 -DSTM32F407VGTx -c -I../Inc -O0 -ffunction-sections -fdata-sections -Wall -fstack-usage -fcyclomatic-complexity -MMD -MP -MF"Src/main.d" -MT"Src/main.o" --specs=nano.specs -mfpu=fpv4-sp-d16 -mfloat-abi=hard -mthumb -o "Src/main.o"
../Src/main.c:23:4: warning: #warning "FPU is not initialized, but the project is compiling for an FPU. Please initialize the FPU before use." [-Wcpp]
   23 |   #warning "FPU is not initialized, but the project is compiling for an FPU. Please initialize the FPU before use."
      |    ^~~~~~~
../Src/main.c: In function 'main':
../Src/main.c:34:73: error: invalid operands to binary - (have 'int' and 'int *')
   34 |     int *bit_band_alias = ((int*)BIT_ALIAS_BASE_ADDR + (32* (0x20000200 - (int*) BIT_BASE_ADDR)) + (7 * 4) );
      |                                                                         ^
make: *** [Src/subdir.mk:25: Src/main.o] Error 1
"make -j8 all" terminated with exit code 2. Build might be incomplete.
15:18:43 **** Incremental Build of configuration Debug for project Bit_band_exercise ****
make -j8 all 
arm-none-eabi-gcc "../Src/main.c" -mcpu=cortex-m4 -std=gnu11 -g3 -DDEBUG -DSTM32 -DSTM32F407G_DISC1 -DSTM32F4 -DSTM32F407VGTx -c -I../Inc -O0 -ffunction-sections -fdata-sections -Wall -fstack-usage -fcyclomatic-complexity -MMD -MP -MF"Src/main.d" -MT"Src/main.o" --specs=nano.specs -mfpu=fpv4-sp-d16 -mfloat-abi=hard -mthumb -o "Src/main.o"
../Src/main.c:23:4: warning: #warning "FPU is not initialized, but the project is compiling for an FPU. Please initialize the FPU before use." [-Wcpp]
   23 |   #warning "FPU is not initialized, but the project is compiling for an FPU. Please initialize the FPU before use."
      |    ^~~~~~~
../Src/main.c: In function 'main':
../Src/main.c:34:27: warning: initialization of 'int *' from 'int' makes pointer from integer without a cast [-Wint-conversion]
   34 |     int *bit_band_alias = (BIT_ALIAS_BASE_ADDR + (32* (0x20000200 - BIT_BASE_ADDR)) + (7 * 4) );
      |                           ^
arm-none-eabi-gcc -o "Bit_band_exercise.elf" @"objects.list"   -mcpu=cortex-m4 -T"D:\Training\STM32\STM32_workspace\Bit_band_exercise\STM32F407VGTX_FLASH.ld" --specs=nosys.specs -Wl,-Map="Bit_band_exercise.map" -Wl,--gc-sections -static --specs=nano.specs -mfpu=fpv4-sp-d16 -mfloat-abi=hard -mthumb -Wl,--start-group -lc -lm -Wl,--end-group
Finished building target: Bit_band_exercise.elf
 
arm-none-eabi-size  Bit_band_exercise.elf 
arm-none-eabi-objdump -h -S Bit_band_exercise.elf  > "Bit_band_exercise.list"
   text	   data	    bss	    dec	    hex	filename
    704	      0	   1568	   2272	    8e0	Bit_band_exercise.elf
Finished building: default.size.stdout
 
Finished building: Bit_band_exercise.list
 
15:19:28 **** Incremental Build of configuration Debug for project Bit_band_exercise ****
make -j8 all 
arm-none-eabi-gcc "../Src/main.c" -mcpu=cortex-m4 -std=gnu11 -g3 -DDEBUG -DSTM32 -DSTM32F407G_DISC1 -DSTM32F4 -DSTM32F407VGTx -c -I../Inc -O0 -ffunction-sections -fdata-sections -Wall -fstack-usage -fcyclomatic-complexity -MMD -MP -MF"Src/main.d" -MT"Src/main.o" --specs=nano.specs -mfpu=fpv4-sp-d16 -mfloat-abi=hard -mthumb -o "Src/main.o"
../Src/main.c:23:4: warning: #warning "FPU is not initialized, but the project is compiling for an FPU. Please initialize the FPU before use." [-Wcpp]
   23 |   #warning "FPU is not initialized, but the project is compiling for an FPU. Please initialize the FPU before use."
      |    ^~~~~~~
arm-none-eabi-gcc -o "Bit_band_exercise.elf" @"objects.list"   -mcpu=cortex-m4 -T"D:\Training\STM32\STM32_workspace\Bit_band_exercise\STM32F407VGTX_FLASH.ld" --specs=nosys.specs -Wl,-Map="Bit_band_exercise.map" -Wl,--gc-sections -static --specs=nano.specs -mfpu=fpv4-sp-d16 -mfloat-abi=hard -mthumb -Wl,--start-group -lc -lm -Wl,--end-group
Finished building target: Bit_band_exercise.elf
 
arm-none-eabi-size  Bit_band_exercise.elf 
arm-none-eabi-objdump -h -S Bit_band_exercise.elf  > "Bit_band_exercise.list"
   text	   data	    bss	    dec	    hex	filename
    704	      0	   1568	   2272	    8e0	Bit_band_exercise.elf
Finished building: default.size.stdout
 
Finished building: Bit_band_exercise.list
 
15:21:11 **** Incremental Build of configuration Debug for project Bit_band_exercise ****
make -j8 all 
arm-none-eabi-size  Bit_band_exercise.elf 
   text	   data	    bss	    dec	    hex	filename
    704	      0	   1568	   2272	    8e0	Bit_band_exercise.elf
Finished building: default.size.stdout
 
15:24:26 **** Incremental Build of configuration Debug for project Bit_band_exercise ****
make -j8 all 
arm-none-eabi-size  Bit_band_exercise.elf 
   text	   data	    bss	    dec	    hex	filename
    704	      0	   1568	   2272	    8e0	Bit_band_exercise.elf
Finished building: default.size.stdout
 
15:49:42 **** Build of configuration Debug for project UART_Interrupt_IRQ ****
make -j8 all 
arm-none-eabi-gcc -mcpu=cortex-m4 -g3 -DDEBUG -c -x assembler-with-cpp -MMD -MP -MF"Startup/startup_stm32f407vgtx.d" -MT"Startup/startup_stm32f407vgtx.o" --specs=nano.specs -mfpu=fpv4-sp-d16 -mfloat-abi=hard -mthumb -o "Startup/startup_stm32f407vgtx.o" "../Startup/startup_stm32f407vgtx.s"
arm-none-eabi-gcc "../Src/main.c" -mcpu=cortex-m4 -std=gnu11 -g3 -DDEBUG -DSTM32 -DSTM32F407G_DISC1 -DSTM32F4 -DSTM32F407VGTx -c -I../Inc -O0 -ffunction-sections -fdata-sections -Wall -fstack-usage -fcyclomatic-complexity -MMD -MP -MF"Src/main.d" -MT"Src/main.o" --specs=nano.specs -mfpu=fpv4-sp-d16 -mfloat-abi=hard -mthumb -o "Src/main.o"
arm-none-eabi-gcc "../Src/syscalls.c" -mcpu=cortex-m4 -std=gnu11 -g3 -DDEBUG -DSTM32 -DSTM32F407G_DISC1 -DSTM32F4 -DSTM32F407VGTx -c -I../Inc -O0 -ffunction-sections -fdata-sections -Wall -fstack-usage -fcyclomatic-complexity -MMD -MP -MF"Src/syscalls.d" -MT"Src/syscalls.o" --specs=nano.specs -mfpu=fpv4-sp-d16 -mfloat-abi=hard -mthumb -o "Src/syscalls.o"
arm-none-eabi-gcc "../Src/sysmem.c" -mcpu=cortex-m4 -std=gnu11 -g3 -DDEBUG -DSTM32 -DSTM32F407G_DISC1 -DSTM32F4 -DSTM32F407VGTx -c -I../Inc -O0 -ffunction-sections -fdata-sections -Wall -fstack-usage -fcyclomatic-complexity -MMD -MP -MF"Src/sysmem.d" -MT"Src/sysmem.o" --specs=nano.specs -mfpu=fpv4-sp-d16 -mfloat-abi=hard -mthumb -o "Src/sysmem.o"
../Src/main.c:22:4: warning: #warning "FPU is not initialized, but the project is compiling for an FPU. Please initialize the FPU before use." [-Wcpp]
   22 |   #warning "FPU is not initialized, but the project is compiling for an FPU. Please initialize the FPU before use."
      |    ^~~~~~~
arm-none-eabi-gcc -o "UART_Interrupt_IRQ.elf" @"objects.list"   -mcpu=cortex-m4 -T"D:\Training\STM32\STM32_workspace\UART_Interrupt_IRQ\STM32F407VGTX_FLASH.ld" --specs=nosys.specs -Wl,-Map="UART_Interrupt_IRQ.map" -Wl,--gc-sections -static --specs=nano.specs -mfpu=fpv4-sp-d16 -mfloat-abi=hard -mthumb -Wl,--start-group -lc -lm -Wl,--end-group
Finished building target: UART_Interrupt_IRQ.elf
 
arm-none-eabi-size  UART_Interrupt_IRQ.elf 
arm-none-eabi-objdump -h -S UART_Interrupt_IRQ.elf  > "UART_Interrupt_IRQ.list"
   text	   data	    bss	    dec	    hex	filename
    712	      0	   1568	   2280	    8e8	UART_Interrupt_IRQ.elf
Finished building: default.size.stdout
 
Finished building: UART_Interrupt_IRQ.list
 
15:50:58 **** Incremental Build of configuration Debug for project UART_Interrupt_IRQ ****
make -j8 all 
arm-none-eabi-size  UART_Interrupt_IRQ.elf 
   text	   data	    bss	    dec	    hex	filename
    712	      0	   1568	   2280	    8e8	UART_Interrupt_IRQ.elf
Finished building: default.size.stdout
 
15:51:46 **** Incremental Build of configuration Debug for project UART_Interrupt_IRQ ****
make -j8 all 
arm-none-eabi-gcc "../Src/main.c" -mcpu=cortex-m4 -std=gnu11 -g3 -DDEBUG -DSTM32 -DSTM32F407G_DISC1 -DSTM32F4 -DSTM32F407VGTx -c -I../Inc -O0 -ffunction-sections -fdata-sections -Wall -fstack-usage -fcyclomatic-complexity -MMD -MP -MF"Src/main.d" -MT"Src/main.o" --specs=nano.specs -mfpu=fpv4-sp-d16 -mfloat-abi=hard -mthumb -o "Src/main.o"
../Src/main.c:22:4: warning: #warning "FPU is not initialized, but the project is compiling for an FPU. Please initialize the FPU before use." [-Wcpp]
   22 |   #warning "FPU is not initialized, but the project is compiling for an FPU. Please initialize the FPU before use."
      |    ^~~~~~~
arm-none-eabi-gcc -o "UART_Interrupt_IRQ.elf" @"objects.list"   -mcpu=cortex-m4 -T"D:\Training\STM32\STM32_workspace\UART_Interrupt_IRQ\STM32F407VGTX_FLASH.ld" --specs=nosys.specs -Wl,-Map="UART_Interrupt_IRQ.map" -Wl,--gc-sections -static --specs=nano.specs -mfpu=fpv4-sp-d16 -mfloat-abi=hard -mthumb -Wl,--start-group -lc -lm -Wl,--end-group
Finished building target: UART_Interrupt_IRQ.elf
 
arm-none-eabi-size  UART_Interrupt_IRQ.elf 
arm-none-eabi-objdump -h -S UART_Interrupt_IRQ.elf  > "UART_Interrupt_IRQ.list"
   text	   data	    bss	    dec	    hex	filename
    712	      0	   1568	   2280	    8e8	UART_Interrupt_IRQ.elf
Finished building: default.size.stdout
 
Finished building: UART_Interrupt_IRQ.list
 
15:51:55 **** Incremental Build of configuration Debug for project UART_Interrupt_IRQ ****
make -j8 all 
arm-none-eabi-size  UART_Interrupt_IRQ.elf 
   text	   data	    bss	    dec	    hex	filename
    712	      0	   1568	   2280	    8e8	UART_Interrupt_IRQ.elf
Finished building: default.size.stdout
 
15:53:57 **** Incremental Build of configuration Debug for project UART_Interrupt_IRQ ****
make -j8 all 
arm-none-eabi-gcc "../Src/main.c" -mcpu=cortex-m4 -std=gnu11 -g3 -DDEBUG -DSTM32 -DSTM32F407G_DISC1 -DSTM32F4 -DSTM32F407VGTx -c -I../Inc -O0 -ffunction-sections -fdata-sections -Wall -fstack-usage -fcyclomatic-complexity -MMD -MP -MF"Src/main.d" -MT"Src/main.o" --specs=nano.specs -mfpu=fpv4-sp-d16 -mfloat-abi=hard -mthumb -o "Src/main.o"
../Src/main.c:22:4: warning: #warning "FPU is not initialized, but the project is compiling for an FPU. Please initialize the FPU before use." [-Wcpp]
   22 |   #warning "FPU is not initialized, but the project is compiling for an FPU. Please initialize the FPU before use."
      |    ^~~~~~~
../Src/main.c: In function 'USART3_IRQHandler':
../Src/main.c:32:9: warning: implicit declaration of function 'printf' [-Wimplicit-function-declaration]
   32 |         printf("hi");
      |         ^~~~~~
../Src/main.c:20:1: note: include '<stdio.h>' or provide a declaration of 'printf'
   19 | #include <stdint.h>
  +++ |+#include <stdio.h>
   20 | 
../Src/main.c:32:9: warning: incompatible implicit declaration of built-in function 'printf' [-Wbuiltin-declaration-mismatch]
   32 |         printf("hi");
      |         ^~~~~~
../Src/main.c:32:9: note: include '<stdio.h>' or provide a declaration of 'printf'
arm-none-eabi-gcc -o "UART_Interrupt_IRQ.elf" @"objects.list"   -mcpu=cortex-m4 -T"D:\Training\STM32\STM32_workspace\UART_Interrupt_IRQ\STM32F407VGTX_FLASH.ld" --specs=nosys.specs -Wl,-Map="UART_Interrupt_IRQ.map" -Wl,--gc-sections -static --specs=nano.specs -mfpu=fpv4-sp-d16 -mfloat-abi=hard -mthumb -Wl,--start-group -lc -lm -Wl,--end-group
Finished building target: UART_Interrupt_IRQ.elf
 
arm-none-eabi-size  UART_Interrupt_IRQ.elf 
arm-none-eabi-objdump -h -S UART_Interrupt_IRQ.elf  > "UART_Interrupt_IRQ.list"
   text	   data	    bss	    dec	    hex	filename
   4872	     92	   1900	   6864	   1ad0	UART_Interrupt_IRQ.elf
Finished building: default.size.stdout
 
Finished building: UART_Interrupt_IRQ.list
 
15:54:34 **** Incremental Build of configuration Debug for project UART_Interrupt_IRQ ****
make -j8 all 
arm-none-eabi-gcc "../Src/main.c" -mcpu=cortex-m4 -std=gnu11 -g3 -DDEBUG -DSTM32 -DSTM32F407G_DISC1 -DSTM32F4 -DSTM32F407VGTx -c -I../Inc -O0 -ffunction-sections -fdata-sections -Wall -fstack-usage -fcyclomatic-complexity -MMD -MP -MF"Src/main.d" -MT"Src/main.o" --specs=nano.specs -mfpu=fpv4-sp-d16 -mfloat-abi=hard -mthumb -o "Src/main.o"
../Src/main.c:22:4: warning: #warning "FPU is not initialized, but the project is compiling for an FPU. Please initialize the FPU before use." [-Wcpp]
   22 |   #warning "FPU is not initialized, but the project is compiling for an FPU. Please initialize the FPU before use."
      |    ^~~~~~~
../Src/main.c: In function 'USART3_IRQHandler':
../Src/main.c:33:13: warning: unused variable 'y' [-Wunused-variable]
   33 |         int y =2;
      |             ^
../Src/main.c:32:13: warning: unused variable 'x' [-Wunused-variable]
   32 |         int x = 1;
      |             ^
arm-none-eabi-gcc -o "UART_Interrupt_IRQ.elf" @"objects.list"   -mcpu=cortex-m4 -T"D:\Training\STM32\STM32_workspace\UART_Interrupt_IRQ\STM32F407VGTX_FLASH.ld" --specs=nosys.specs -Wl,-Map="UART_Interrupt_IRQ.map" -Wl,--gc-sections -static --specs=nano.specs -mfpu=fpv4-sp-d16 -mfloat-abi=hard -mthumb -Wl,--start-group -lc -lm -Wl,--end-group
Finished building target: UART_Interrupt_IRQ.elf
 
arm-none-eabi-size  UART_Interrupt_IRQ.elf 
arm-none-eabi-objdump -h -S UART_Interrupt_IRQ.elf  > "UART_Interrupt_IRQ.list"
   text	   data	    bss	    dec	    hex	filename
    724	      0	   1568	   2292	    8f4	UART_Interrupt_IRQ.elf
Finished building: default.size.stdout
 
Finished building: UART_Interrupt_IRQ.list
 
15:54:42 **** Incremental Build of configuration Debug for project UART_Interrupt_IRQ ****
make -j8 all 
arm-none-eabi-size  UART_Interrupt_IRQ.elf 
   text	   data	    bss	    dec	    hex	filename
    724	      0	   1568	   2292	    8f4	UART_Interrupt_IRQ.elf
Finished building: default.size.stdout
 
15:56:59 **** Incremental Build of configuration Debug for project UART_Interrupt_IRQ ****
make -j8 all 
arm-none-eabi-size  UART_Interrupt_IRQ.elf 
   text	   data	    bss	    dec	    hex	filename
    724	      0	   1568	   2292	    8f4	UART_Interrupt_IRQ.elf
Finished building: default.size.stdout
 
15:59:40 **** Incremental Build of configuration Debug for project UART_Interrupt_IRQ ****
make -j8 all 
arm-none-eabi-gcc "../Src/main.c" -mcpu=cortex-m4 -std=gnu11 -g3 -DDEBUG -DSTM32 -DSTM32F407G_DISC1 -DSTM32F4 -DSTM32F407VGTx -c -I../Inc -O0 -ffunction-sections -fdata-sections -Wall -fstack-usage -fcyclomatic-complexity -MMD -MP -MF"Src/main.d" -MT"Src/main.o" --specs=nano.specs -mfpu=fpv4-sp-d16 -mfloat-abi=hard -mthumb -o "Src/main.o"
../Src/main.c:22:4: warning: #warning "FPU is not initialized, but the project is compiling for an FPU. Please initialize the FPU before use." [-Wcpp]
   22 |   #warning "FPU is not initialized, but the project is compiling for an FPU. Please initialize the FPU before use."
      |    ^~~~~~~
../Src/main.c: In function 'USART3_IRQHandler':
../Src/main.c:33:13: warning: unused variable 'y' [-Wunused-variable]
   33 |         int y =2;
      |             ^
../Src/main.c:32:13: warning: unused variable 'x' [-Wunused-variable]
   32 |         int x = 1;
      |             ^
arm-none-eabi-gcc -o "UART_Interrupt_IRQ.elf" @"objects.list"   -mcpu=cortex-m4 -T"D:\Training\STM32\STM32_workspace\UART_Interrupt_IRQ\STM32F407VGTX_FLASH.ld" --specs=nosys.specs -Wl,-Map="UART_Interrupt_IRQ.map" -Wl,--gc-sections -static --specs=nano.specs -mfpu=fpv4-sp-d16 -mfloat-abi=hard -mthumb -Wl,--start-group -lc -lm -Wl,--end-group
Finished building target: UART_Interrupt_IRQ.elf
 
arm-none-eabi-size  UART_Interrupt_IRQ.elf 
arm-none-eabi-objdump -h -S UART_Interrupt_IRQ.elf  > "UART_Interrupt_IRQ.list"
   text	   data	    bss	    dec	    hex	filename
    724	      0	   1568	   2292	    8f4	UART_Interrupt_IRQ.elf
Finished building: default.size.stdout
 
Finished building: UART_Interrupt_IRQ.list
 
16:02:33 **** Incremental Build of configuration Debug for project UART_Interrupt_IRQ ****
make -j8 all 
arm-none-eabi-size  UART_Interrupt_IRQ.elf 
   text	   data	    bss	    dec	    hex	filename
    724	      0	   1568	   2292	    8f4	UART_Interrupt_IRQ.elf
Finished building: default.size.stdout
 
16:05:07 **** Incremental Build of configuration Debug for project UART_Interrupt_IRQ ****
make -j8 all 
arm-none-eabi-gcc "../Src/main.c" -mcpu=cortex-m4 -std=gnu11 -g3 -DDEBUG -DSTM32 -DSTM32F407G_DISC1 -DSTM32F4 -DSTM32F407VGTx -c -I../Inc -O0 -ffunction-sections -fdata-sections -Wall -fstack-usage -fcyclomatic-complexity -MMD -MP -MF"Src/main.d" -MT"Src/main.o" --specs=nano.specs -mfpu=fpv4-sp-d16 -mfloat-abi=hard -mthumb -o "Src/main.o"
../Src/main.c:22:4: warning: #warning "FPU is not initialized, but the project is compiling for an FPU. Please initialize the FPU before use." [-Wcpp]
   22 |   #warning "FPU is not initialized, but the project is compiling for an FPU. Please initialize the FPU before use."
      |    ^~~~~~~
../Src/main.c: In function 'USART3_IRQHandler':
../Src/main.c:32:9: warning: implicit declaration of function 'printf' [-Wimplicit-function-declaration]
   32 |         printf("here");
      |         ^~~~~~
../Src/main.c:20:1: note: include '<stdio.h>' or provide a declaration of 'printf'
   19 | #include <stdint.h>
  +++ |+#include <stdio.h>
   20 | 
../Src/main.c:32:9: warning: incompatible implicit declaration of built-in function 'printf' [-Wbuiltin-declaration-mismatch]
   32 |         printf("here");
      |         ^~~~~~
../Src/main.c:32:9: note: include '<stdio.h>' or provide a declaration of 'printf'
arm-none-eabi-gcc -o "UART_Interrupt_IRQ.elf" @"objects.list"   -mcpu=cortex-m4 -T"D:\Training\STM32\STM32_workspace\UART_Interrupt_IRQ\STM32F407VGTX_FLASH.ld" --specs=nosys.specs -Wl,-Map="UART_Interrupt_IRQ.map" -Wl,--gc-sections -static --specs=nano.specs -mfpu=fpv4-sp-d16 -mfloat-abi=hard -mthumb -Wl,--start-group -lc -lm -Wl,--end-group
Finished building target: UART_Interrupt_IRQ.elf
 
arm-none-eabi-size  UART_Interrupt_IRQ.elf 
arm-none-eabi-objdump -h -S UART_Interrupt_IRQ.elf  > "UART_Interrupt_IRQ.list"
   text	   data	    bss	    dec	    hex	filename
   4872	     92	   1900	   6864	   1ad0	UART_Interrupt_IRQ.elf
Finished building: default.size.stdout
 
Finished building: UART_Interrupt_IRQ.list
 
16:05:26 **** Incremental Build of configuration Debug for project UART_Interrupt_IRQ ****
make -j8 all 
arm-none-eabi-gcc "../Src/main.c" -mcpu=cortex-m4 -std=gnu11 -g3 -DDEBUG -DSTM32 -DSTM32F407G_DISC1 -DSTM32F4 -DSTM32F407VGTx -c -I../Inc -O0 -ffunction-sections -fdata-sections -Wall -fstack-usage -fcyclomatic-complexity -MMD -MP -MF"Src/main.d" -MT"Src/main.o" --specs=nano.specs -mfpu=fpv4-sp-d16 -mfloat-abi=hard -mthumb -o "Src/main.o"
../Src/main.c:23:4: warning: #warning "FPU is not initialized, but the project is compiling for an FPU. Please initialize the FPU before use." [-Wcpp]
   23 |   #warning "FPU is not initialized, but the project is compiling for an FPU. Please initialize the FPU before use."
      |    ^~~~~~~
arm-none-eabi-gcc -o "UART_Interrupt_IRQ.elf" @"objects.list"   -mcpu=cortex-m4 -T"D:\Training\STM32\STM32_workspace\UART_Interrupt_IRQ\STM32F407VGTX_FLASH.ld" --specs=nosys.specs -Wl,-Map="UART_Interrupt_IRQ.map" -Wl,--gc-sections -static --specs=nano.specs -mfpu=fpv4-sp-d16 -mfloat-abi=hard -mthumb -Wl,--start-group -lc -lm -Wl,--end-group
Finished building target: UART_Interrupt_IRQ.elf
 
arm-none-eabi-size  UART_Interrupt_IRQ.elf 
arm-none-eabi-objdump -h -S UART_Interrupt_IRQ.elf  > "UART_Interrupt_IRQ.list"
   text	   data	    bss	    dec	    hex	filename
   4872	     92	   1900	   6864	   1ad0	UART_Interrupt_IRQ.elf
Finished building: default.size.stdout
 
Finished building: UART_Interrupt_IRQ.list
 
16:06:10 **** Incremental Build of configuration Debug for project UART_Interrupt_IRQ ****
make -j8 all 
arm-none-eabi-gcc "../Src/main.c" -mcpu=cortex-m4 -std=gnu11 -g3 -DDEBUG -DSTM32 -DSTM32F407G_DISC1 -DSTM32F4 -DSTM32F407VGTx -c -I../Inc -O0 -ffunction-sections -fdata-sections -Wall -fstack-usage -fcyclomatic-complexity -MMD -MP -MF"Src/main.d" -MT"Src/main.o" --specs=nano.specs -mfpu=fpv4-sp-d16 -mfloat-abi=hard -mthumb -o "Src/main.o"
../Src/main.c:23:4: warning: #warning "FPU is not initialized, but the project is compiling for an FPU. Please initialize the FPU before use." [-Wcpp]
   23 |   #warning "FPU is not initialized, but the project is compiling for an FPU. Please initialize the FPU before use."
      |    ^~~~~~~
arm-none-eabi-gcc -o "UART_Interrupt_IRQ.elf" @"objects.list"   -mcpu=cortex-m4 -T"D:\Training\STM32\STM32_workspace\UART_Interrupt_IRQ\STM32F407VGTX_FLASH.ld" --specs=nosys.specs -Wl,-Map="UART_Interrupt_IRQ.map" -Wl,--gc-sections -static --specs=nano.specs -mfpu=fpv4-sp-d16 -mfloat-abi=hard -mthumb -Wl,--start-group -lc -lm -Wl,--end-group
Finished building target: UART_Interrupt_IRQ.elf
 
arm-none-eabi-size  UART_Interrupt_IRQ.elf 
arm-none-eabi-objdump -h -S UART_Interrupt_IRQ.elf  > "UART_Interrupt_IRQ.list"
   text	   data	    bss	    dec	    hex	filename
   4872	     92	   1900	   6864	   1ad0	UART_Interrupt_IRQ.elf
Finished building: default.size.stdout
 
Finished building: UART_Interrupt_IRQ.list
 
16:07:39 **** Incremental Build of configuration Debug for project UART_Interrupt_IRQ ****
make -j8 all 
arm-none-eabi-size  UART_Interrupt_IRQ.elf 
   text	   data	    bss	    dec	    hex	filename
   4872	     92	   1900	   6864	   1ad0	UART_Interrupt_IRQ.elf
Finished building: default.size.stdout
 
