21:27:41 **** Incremental Build of configuration Debug for project Hello_world ****
make -j8 all 
arm-none-eabi-gcc "../Src/main.c" -mcpu=cortex-m4 -std=gnu11 -g3 -DDEBUG -DSTM32 -DSTM32F407G_DISC1 -DSTM32F4 -DSTM32F407VGTx -c -I../Inc -O0 -ffunction-sections -fdata-sections -Wall -fstack-usage -fcyclomatic-complexity -MMD -MP -MF"Src/main.d" -MT"Src/main.o" --specs=nano.specs -mfloat-abi=soft -mthumb -o "Src/main.o"
arm-none-eabi-gcc -o "Hello_world.elf" @"objects.list"   -mcpu=cortex-m4 -T"D:\Training\STM32\STM32_workspace\Hello_world\STM32F407VGTX_FLASH.ld" --specs=nosys.specs -Wl,-Map="Hello_world.map" -Wl,--gc-sections -static --specs=nano.specs -mfloat-abi=soft -mthumb -Wl,--start-group -lc -lm -Wl,--end-group
Finished building target: Hello_world.elf
 
arm-none-eabi-size  Hello_world.elf 
arm-none-eabi-objdump -h -S Hello_world.elf  > "Hello_world.list"
   text	   data	    bss	    dec	    hex	filename
   3416	     92	   1900	   5408	   1520	Hello_world.elf
Finished building: default.size.stdout
 
Finished building: Hello_world.list
 

21:27:42 Build Finished. 0 errors, 0 warnings. (took 511ms)

