21:18:39 **** Incremental Build of configuration Debug for project Interrupt_priority_Configuration ****
make -j8 all 
arm-none-eabi-gcc "../Src/main.c" -mcpu=cortex-m4 -std=gnu11 -g3 -DDEBUG -DSTM32 -DSTM32F407G_DISC1 -DSTM32F4 -DSTM32F407VGTx -c -I../Inc -O0 -ffunction-sections -fdata-sections -Wall -fstack-usage -fcyclomatic-complexity -MMD -MP -MF"Src/main.d" -MT"Src/main.o" --specs=nano.specs -mfpu=fpv4-sp-d16 -mfloat-abi=hard -mthumb -o "Src/main.o"
../Src/main.c:22:4: warning: #warning "FPU is not initialized, but the project is compiling for an FPU. Please initialize the FPU before use." [-Wcpp]
   22 |   #warning "FPU is not initialized, but the project is compiling for an FPU. Please initialize the FPU before use."
      |    ^~~~~~~
../Src/main.c: In function 'TIM2_IRQHandler':
../Src/main.c:95:9: warning: implicit declaration of function 'printf' [-Wimplicit-function-declaration]
   95 |         printf("Here");
      |         ^~~~~~
../Src/main.c:20:1: note: include '<stdio.h>' or provide a declaration of 'printf'
   19 | #include <stdint.h>
  +++ |+#include <stdio.h>
   20 | 
../Src/main.c:95:9: warning: incompatible implicit declaration of built-in function 'printf' [-Wbuiltin-declaration-mismatch]
   95 |         printf("Here");
      |         ^~~~~~
../Src/main.c:95:9: note: include '<stdio.h>' or provide a declaration of 'printf'
../Src/main.c: In function 'I2C1_EV_IRQHandler':
../Src/main.c:105:9: warning: incompatible implicit declaration of built-in function 'printf' [-Wbuiltin-declaration-mismatch]
  105 |         printf("also here");
      |         ^~~~~~
../Src/main.c:105:9: note: include '<stdio.h>' or provide a declaration of 'printf'
arm-none-eabi-gcc -o "Interrupt_priority_Configuration.elf" @"objects.list"   -mcpu=cortex-m4 -T"D:\Training\STM32\STM32_workspace\Interrupt_priority_Configuration\STM32F407VGTX_FLASH.ld" --specs=nosys.specs -Wl,-Map="Interrupt_priority_Configuration.map" -Wl,--gc-sections -static --specs=nano.specs -mfpu=fpv4-sp-d16 -mfloat-abi=hard -mthumb -Wl,--start-group -lc -lm -Wl,--end-group
Finished building target: Interrupt_priority_Configuration.elf
 
arm-none-eabi-size  Interrupt_priority_Configuration.elf 
arm-none-eabi-objdump -h -S Interrupt_priority_Configuration.elf  > "Interrupt_priority_Configuration.list"
   text	   data	    bss	    dec	    hex	filename
   5088	     96	   1904	   7088	   1bb0	Interrupt_priority_Configuration.elf
Finished building: default.size.stdout
 
Finished building: Interrupt_priority_Configuration.list
 

21:18:40 Build Finished. 0 errors, 4 warnings. (took 773ms)

