20:37:57 **** Incremental Build of configuration Debug for project SVC_OpcodeFetch ****
make -j8 all 
arm-none-eabi-gcc "../Src/main.c" -mcpu=cortex-m4 -std=gnu11 -g3 -DDEBUG -DSTM32 -DSTM32F4 -DSTM32F407VGTx -c -I../Inc -O0 -ffunction-sections -fdata-sections -Wall -fstack-usage -fcyclomatic-complexity -MMD -MP -MF"Src/main.d" -MT"Src/main.o" --specs=nano.specs -mfpu=fpv4-sp-d16 -mfloat-abi=hard -mthumb -o "Src/main.o"
../Src/main.c:22:4: warning: #warning "FPU is not initialized, but the project is compiling for an FPU. Please initialize the FPU before use." [-Wcpp]
   22 |   #warning "FPU is not initialized, but the project is compiling for an FPU. Please initialize the FPU before use."
      |    ^~~~~~~
arm-none-eabi-gcc -o "SVC_OpcodeFetch.elf" @"objects.list"   -mcpu=cortex-m4 -T"D:\Training\STM32\STM32_workspace\SVC_OpcodeFetch\STM32F407VGTX_FLASH.ld" --specs=nosys.specs -Wl,-Map="SVC_OpcodeFetch.map" -Wl,--gc-sections -static --specs=nano.specs -mfpu=fpv4-sp-d16 -mfloat-abi=hard -mthumb -Wl,--start-group -lc -lm -Wl,--end-group
Finished building target: SVC_OpcodeFetch.elf
 
arm-none-eabi-size  SVC_OpcodeFetch.elf 
arm-none-eabi-objdump -h -S SVC_OpcodeFetch.elf  > "SVC_OpcodeFetch.list"
   text	   data	    bss	    dec	    hex	filename
   5620	     92	   1900	   7612	   1dbc	SVC_OpcodeFetch.elf
Finished building: default.size.stdout
 
Finished building: SVC_OpcodeFetch.list
 

20:37:58 Build Finished. 0 errors, 1 warnings. (took 789ms)

